Microchip MPLAB XC8 Compiler V2.20

Linker command line:

-W-3 --edf=C:\Program Files\Microchip\xc8\v2.20\pic\dat\en_msgs.txt -cn \
  -h+dist/default/production\IRQs-SWIFT_ACT.X.production.sym \
  --cmf=dist/default/production\IRQs-SWIFT_ACT.X.production.cmf -z \
  -Q16F877A -oC:\Users\Lenovo\AppData\Local\Temp\s9ek.2 \
  --defsym=__MPLAB_BUILD=1 \
  -Mdist/default/production/IRQs-SWIFT_ACT.X.production.map -E1 \
  -ver=XC8 Compiler --acfsm=1493 -ASTACK=0110h-016Fh -pstack=STACK \
  -ACODE=00h-07FFhx4 -ASTRCODE=00h-01FFFh -ASTRING=00h-0FFhx32 \
  -ACONST=00h-0FFhx32 -AENTRY=00h-0FFhx32 -ACOMMON=070h-07Fh \
  -ABANK0=020h-06Fh -ABANK1=0A0h-0EFh -ABANK2=0110h-016Fh \
  -ABANK3=0190h-01EFh -ARAM=020h-06Fh,0A0h-0EFh,0110h-016Fh,0190h-01EFh \
  -AABS1=020h-07Fh,0A0h-0EFh,0110h-016Fh,0190h-01EFh -ASFR0=00h-01Fh \
  -ASFR1=080h-09Fh -ASFR2=0100h-010Fh -ASFR3=0180h-018Fh \
  -ACONFIG=02007h-02007h -DCONFIG=2 -AIDLOC=02000h-02003h -DIDLOC=2 \
  -preset_vec=00h,intentry=04h,init,end_init -ppowerup=CODE -pcinit=CODE \
  -pfunctab=ENTRY -AEEDATA=00h-0FFh/02100h -peeprom_data=EEDATA -DEEDATA=2 \
  -DCODE=2 -DSTRCODE=2 -DSTRING=2 -DCONST=2 -DENTRY=2 -k \
  C:\Users\Lenovo\AppData\Local\Temp\s9ek.o \
  dist/default/production\IRQs-SWIFT_ACT.X.production.o 

Object code version is 3.11

Machine type is 16F877A



                Name                               Link     Load   Length Selector   Space Scale
C:\Users\Lenovo\AppData\Local\Temp\s9ek.o
                end_init                             12       12        3        8       0
                reset_vec                             0        0        3        0       0
                config                             2007     2007        1        0       4
dist/default/production\IRQs-SWIFT_ACT.X.production.o
                cinit                                15       15       25        8       0
                intentry                              4        4        E        8       0
                config                             2007     2007        1        0       4
                text18                              6BD      6BD       2B        8       0
                text17                              527      527       4E        8       0
                text16                              603      603       44        8       0
                text15                              683      683       3A        8       0
                text14                              4CF      4CF       58        8       0
                text13                               3A       3A       E5        8       0
                text12                              731      731        6        8       0
                text11                              70F      70F       11        8       0
                text10                              720      720        9        8       0
                text9                               6E8      6E8       27        8       0
                text8                               575      575       48        8       0
                text7                               412      412       61        8       0
                text6                               5BD      5BD       46        8       0
                text5                               647      647       3C        8       0
                text4                               473      473       5C        8       0
                text3                               1FF      1FF       BB        8       0
                text2                               36D      36D       A5        8       0
                text1                               2BA      2BA       B3        8       0
                maintext                            11F      11F       E0        8       0
                cstackBANK0                          20       20       29       20       1
                cstackCOMMON                         70       70        E       70       1
                cstackBANK1                          A0       A0        2       A0       1
                clrtext                             729      729        8        8       0
                dataBANK0                            5F       5F        4       20       1
                bssBANK0                             49       49       16       20       1
                idataBANK0                          737      737        4        8       0

TOTAL           Name                               Link     Load   Length     Space
        CLASS   STACK          

        CLASS   CODE           
                end_init                             12       12        3         0
                cinit                                15       15       25         0
                intentry                              4        4        E         0
                reset_vec                             0        0        3         0
                text18                              6BD      6BD       2B         0
                text17                              527      527       4E         0
                text16                              603      603       44         0
                text15                              683      683       3A         0
                text14                              4CF      4CF       58         0
                text13                               3A       3A       E5         0
                text12                              731      731        6         0
                text11                              70F      70F       11         0
                text10                              720      720        9         0
                text9                               6E8      6E8       27         0
                text8                               575      575       48         0
                text7                               412      412       61         0
                text6                               5BD      5BD       46         0
                text5                               647      647       3C         0
                text4                               473      473       5C         0
                text3                               1FF      1FF       BB         0
                text2                               36D      36D       A5         0
                text1                               2BA      2BA       B3         0
                maintext                            11F      11F       E0         0
                clrtext                             729      729        8         0
                idataBANK0                          737      737        4         0

        CLASS   STRCODE        

        CLASS   STRING         

        CLASS   CONST          

        CLASS   ENTRY          

        CLASS   COMMON         
                cstackCOMMON                         70       70        E         1

        CLASS   BANK0          
                cstackBANK0                          20       20       29         1
                dataBANK0                            5F       5F        4         1
                bssBANK0                             49       49       16         1

        CLASS   BANK1          
                cstackBANK1                          A0       A0        2         1

        CLASS   BANK2          

        CLASS   BANK3          

        CLASS   RAM            

        CLASS   ABS1           
                abs_s1                               7E       7E        2         1

        CLASS   SFR0           

        CLASS   SFR1           

        CLASS   SFR2           

        CLASS   SFR3           

        CLASS   CONFIG         
                config                             2007     2007        1         4

        CLASS   IDLOC          

        CLASS   EEDATA         



SEGMENTS        Name                           Load    Length   Top    Selector   Space  Class     Delta

                reset_vec                      000000  000003  000003         0       0  CODE        2
                intentry                       000004  000737  00073B         8       0  CODE        2
                cstackBANK0                    000020  000043  000063        20       1  BANK0       1
                cstackCOMMON                   000070  00000E  00007E        70       1  COMMON      1
                cstackBANK1                    0000A0  000002  0000A2        A0       1  BANK1       1


UNUSED ADDRESS RANGES

        Name                Unused          Largest block    Delta
        BANK0            0063-006F              D           1
        BANK1            00A2-00EF             4E           1
        BANK2            0110-016F             60           1
        BANK3            0190-01EF             60           1
        CODE             0003-0003              1           2
                         073B-1FFF            800
        CONST            0003-0003              1           2
                         073B-1FFF            100
        EEDATA           2100-21FF            100           2
        ENTRY            0003-0003              1           2
                         073B-1FFF            100
        IDLOC            2000-2003              4           2
        RAM              0063-006F              D           1
                         00A2-00EF             4E
                         0110-016F             60
                         0190-01EF             60
        SFR0             0000-001F             20           1
        SFR1             0080-009F             20           1
        SFR2             0100-010F             10           1
        SFR3             0180-018F             10           1
        STACK            0110-016F             60           1
        STRCODE          0003-0003              1           2
                         073B-1FFF           18C5
        STRING           0003-0003              1           2
                         073B-1FFF            100

                                  Symbol Table

?___lwdiv                      cstackBANK0  0032
?___lwmod                      cstackBANK0  002D
?___wmul                       cstackBANK0  0037
?_adc_amostra                  cstackBANK0  002D
?i1___lwdiv                    cstackCOMMON 0075
?i1___lwmod                    cstackCOMMON 0070
?i1___wmul                     cstackCOMMON 007A
?i1_adc_amostra                cstackCOMMON 0070
ISR@x                          cstackBANK0  002C
ISR@y                          cstackBANK0  002B
_ADCON0                        (abs)        001F
_ADCON0bits                    (abs)        001F
_ADCON1                        (abs)        009F
_ADRESH                        (abs)        001E
_ADRESL                        (abs)        009E
_C                             bssBANK0     004B
_GIE                           (abs)        005F
_INTE                          (abs)        005C
_INTEDG                        (abs)        040E
_INTF                          (abs)        0059
_IRQ_RB0_init                  text12       0731
_ISR                           text13       003A
_PEIE                          (abs)        005E
_PORTD                         (abs)        0008
_PORTEbits                     (abs)        0009
_RA4                           (abs)        002C
_RA5                           (abs)        002D
_RB5                           (abs)        0035
_RB7                           (abs)        0037
_RC2                           (abs)        003A
_RC5                           (abs)        003D
_T1CKPS0                       (abs)        0084
_T1CKPS1                       (abs)        0085
_TIMER1_init                   text11       070F
_TMR1                          (abs)        000E
_TMR1CS                        (abs)        0081
_TMR1IE                        (abs)        0460
_TMR1IF                        (abs)        0060
_TMR1ON                        (abs)        0080
_TRISA                         (abs)        0085
_TRISB5                        (abs)        0435
_TRISB7                        (abs)        0437
_TRISC2                        (abs)        043A
_TRISC5                        (abs)        043D
_TRISD                         (abs)        0088
__Habs1                        abs1         0000
__Hbank0                       bank0        0000
__Hbank1                       bank1        0000
__Hbank2                       bank2        0000
__Hbank3                       bank3        0000
__HbssBANK0                    bssBANK0     0000
__Hcinit                       cinit        003A
__Hclrtext                     clrtext      0000
__Hcode                        code         0000
__Hcommon                      common       0000
__Hconfig                      config       2008
__HcstackBANK0                 cstackBANK0  0000
__HcstackBANK1                 cstackBANK1  0000
__HcstackCOMMON                cstackCOMMON 0000
__HdataBANK0                   dataBANK0    0000
__Heeprom_data                 eeprom_data  0000
__Hend_init                    end_init     0015
__Hfunctab                     functab      0000
__HidataBANK0                  idataBANK0   0000
__Hinit                        init         0012
__Hintentry                    intentry     0012
__Hmaintext                    maintext     0000
__Hpowerup                     powerup      0000
__Hram                         ram          0000
__Hreset_vec                   reset_vec    0003
__Hsfr0                        sfr0         0000
__Hsfr1                        sfr1         0000
__Hsfr2                        sfr2         0000
__Hsfr3                        sfr3         0000
__Hspace_0                     (abs)        073B
__Hspace_1                     (abs)        00A2
__Hspace_2                     (abs)        0000
__Hspace_3                     (abs)        0000
__Hspace_4                     (abs)        400F
__Hstack                       stack        0000
__Hstrings                     strings      0000
__Htext                        text         0000
__Labs1                        abs1         0000
__Lbank0                       bank0        0000
__Lbank1                       bank1        0000
__Lbank2                       bank2        0000
__Lbank3                       bank3        0000
__LbssBANK0                    bssBANK0     0000
__Lcinit                       cinit        0015
__Lclrtext                     clrtext      0000
__Lcode                        code         0000
__Lcommon                      common       0000
__Lconfig                      config       0000
__LcstackBANK0                 cstackBANK0  0000
__LcstackBANK1                 cstackBANK1  0000
__LcstackCOMMON                cstackCOMMON 0000
__LdataBANK0                   dataBANK0    0000
__Leeprom_data                 eeprom_data  0000
__Lend_init                    end_init     0012
__Lfunctab                     functab      0000
__LidataBANK0                  idataBANK0   0000
__Linit                        init         0012
__Lintentry                    intentry     0004
__Lmaintext                    maintext     0000
__Lpowerup                     powerup      0000
__Lram                         ram          0000
__Lreset_vec                   reset_vec    0000
__Lsfr0                        sfr0         0000
__Lsfr1                        sfr1         0000
__Lsfr2                        sfr2         0000
__Lsfr3                        sfr3         0000
__Lspace_0                     (abs)        0000
__Lspace_1                     (abs)        0000
__Lspace_2                     (abs)        0000
__Lspace_3                     (abs)        0000
__Lspace_4                     (abs)        0000
__Lstack                       stack        0000
__Lstrings                     strings      0000
__Ltext                        text         0000
__S0                           (abs)        073B
__S1                           (abs)        00A2
__S2                           (abs)        0000
__S3                           (abs)        0000
___int_sp                      stack        0000
___latbits                     (abs)        0002
___lwdiv                       text6        05BD
___lwdiv@counter               cstackBANK0  0036
___lwdiv@dividend              cstackBANK0  0034
___lwdiv@divisor               cstackBANK0  0032
___lwdiv@quotient              cstackBANK0  0037
___lwmod                       text5        0647
___lwmod@counter               cstackBANK0  0031
___lwmod@dividend              cstackBANK0  002F
___lwmod@divisor               cstackBANK0  002D
___sp                          stack        0000
___stackhi                     (abs)        0000
___stacklo                     (abs)        0000
___wmul                        text9        06E8
___wmul@multiplicand           cstackBANK0  0039
___wmul@multiplier             cstackBANK0  0037
___wmul@product                cstackBANK0  003B
__end_of_IRQ_RB0_init          text12       0737
__end_of_ISR                   text13       011F
__end_of_TIMER1_init           text11       0720
__end_of___lwdiv               text6        0603
__end_of___lwmod               text5        0683
__end_of___wmul                text9        070F
__end_of__initialization       cinit        0036
__end_of_adc_amostra           text8        05BD
__end_of_adc_init              text10       0729
__end_of_display7s             text7        0473
__end_of_init_temperature      text3        02BA
__end_of_itoa                  text4        04CF
__end_of_main                  maintext     01FF
__end_of_temperature_decrease  text2        0412
__end_of_temperature_increase  text1        036D
__end_ofi1___lwdiv             text16       0647
__end_ofi1___lwmod             text15       06BD
__end_ofi1___wmul              text18       06E8
__end_ofi1_adc_amostra         text17       0575
__end_ofi1_itoa                text14       0527
__initialization               cinit        0015
__pbssBANK0                    bssBANK0     0049
__pcstackBANK0                 cstackBANK0  0020
__pcstackBANK1                 cstackBANK1  00A0
__pcstackCOMMON                cstackCOMMON 0070
__pdataBANK0                   dataBANK0    005F
__pidataBANK0                  idataBANK0   0737
__pintentry                    intentry     0004
__pmaintext                    maintext     011F
__ptext1                       text1        02BA
__ptext10                      text10       0720
__ptext11                      text11       070F
__ptext12                      text12       0731
__ptext13                      text13       003A
__ptext14                      text14       04CF
__ptext15                      text15       0683
__ptext16                      text16       0603
__ptext17                      text17       0527
__ptext18                      text18       06BD
__ptext2                       text2        036D
__ptext3                       text3        01FF
__ptext4                       text4        0473
__ptext5                       text5        0647
__ptext6                       text6        05BD
__ptext7                       text7        0412
__ptext8                       text8        0575
__ptext9                       text9        06E8
__size_of_IRQ_RB0_init         (abs)        0000
__size_of_ISR                  (abs)        0000
__size_of_TIMER1_init          (abs)        0000
__size_of___lwdiv              (abs)        0000
__size_of___lwmod              (abs)        0000
__size_of___wmul               (abs)        0000
__size_of_adc_amostra          (abs)        0000
__size_of_adc_init             (abs)        0000
__size_of_display7s            (abs)        0000
__size_of_init_temperature     (abs)        0000
__size_of_itoa                 (abs)        0000
__size_of_main                 (abs)        0000
__size_of_temperature_decrease (abs)        0000
__size_of_temperature_increase (abs)        0000
__size_ofi1___lwdiv            (abs)        0000
__size_ofi1___lwmod            (abs)        0000
__size_ofi1___wmul             (abs)        0000
__size_ofi1_adc_amostra        (abs)        0000
__size_ofi1_itoa               (abs)        0000
_accumilated_tmeperature       bssBANK0     004D
_adc_amostra                   text8        0575
_adc_init                      text10       0720
_cooler_flag                   bssBANK0     0051
_display7s                     text7        0412
_flag                          bssBANK0     0055
_heater_flag                   bssBANK0     0053
_init_temperature              text3        01FF
_itoa                          text4        0473
_main                          maintext     011F
_str                           bssBANK0     0059
_temperature_decrease          text2        036D
_temperature_increase          text1        02BA
_tempinit                      bssBANK0     0057
_timer1counter                 bssBANK0     0049
_tmp                           bssBANK0     004F
_wantedTemp                    dataBANK0    005F
adc_amostra@canal              cstackBANK0  0036
btemp                          (abs)        007E
clear_ram0                     clrtext      0729
display7s@v                    cstackBANK0  002F
end_of_initialization          cinit        0036
i1___lwdiv                     text16       0603
i1___lwdiv@counter             cstackCOMMON 007B
i1___lwdiv@dividend            cstackCOMMON 0077
i1___lwdiv@divisor             cstackCOMMON 0075
i1___lwdiv@quotient            cstackCOMMON 0079
i1___lwmod                     text15       0683
i1___lwmod@counter             cstackCOMMON 0074
i1___lwmod@dividend            cstackCOMMON 0072
i1___lwmod@divisor             cstackCOMMON 0070
i1___wmul                      text18       06BD
i1___wmul@multiplicand         cstackCOMMON 007C
i1___wmul@multiplier           cstackCOMMON 007A
i1___wmul@product              cstackBANK0  0020
i1_adc_amostra                 text17       0527
i1_itoa                        text14       04CF
i1adc_amostra@canal            cstackCOMMON 0079
i1itoa@str                     cstackBANK0  0022
i1itoa@val                     cstackBANK0  0020
init_temperature@res           cstackBANK0  0044
init_temperature@x             cstackBANK0  003D
init_temperature@x_122         cstackBANK0  0043
init_temperature@y             cstackBANK0  003F
init_temperature@y_121         cstackBANK0  0042
interrupt_function             intentry     0004
intlevel0                      functab      0000
intlevel1                      functab      0000
intlevel2                      functab      0000
intlevel3                      functab      0000
intlevel4                      functab      0000
intlevel5                      functab      0000
itoa@str                       cstackBANK0  003B
itoa@val                       cstackBANK0  0039
main@x                         cstackBANK1  00A1
main@y                         cstackBANK1  00A0
reset_vec                      reset_vec    0000
saved_w                        (abs)        007E
start                          init         0012
start_initialization           cinit        0015
temperature_decrease@res       cstackBANK0  0042
temperature_decrease@x         cstackBANK0  003D
temperature_decrease@x_134     cstackBANK0  0045
temperature_decrease@y         cstackBANK0  003F
temperature_decrease@y_133     cstackBANK0  0044
temperature_increase@res       cstackBANK0  0043
temperature_increase@x         cstackBANK0  003D
temperature_increase@x_128     cstackBANK0  0046
temperature_increase@y         cstackBANK0  003F
temperature_increase@y_127     cstackBANK0  0045
wtemp0                         (abs)        007E


FUNCTION INFORMATION:

 *************** function _main *****************
 Defined at:
		line 32 in file "main.c"
 Parameters:    Size  Location     Type
		None
 Auto vars:     Size  Location     Type
  x               1    1[BANK1 ] unsigned char 
  y               1    0[BANK1 ] unsigned char 
 Return value:  Size  Location     Type
                  1    wreg      void 
 Registers used:
		wreg, fsr0l, fsr0h, status,2, status,0, btemp+1, pclath, cstack
 Tracked objects:
		On entry : 
		On exit  : 
		Unchanged: 
 Data sizes:     COMMON   BANK0   BANK1   BANK3   BANK2
      Params:         0       0       0       0       0
      Locals:         0       0       2       0       0
      Temps:          0       2       0       0       0
      Totals:         0       2       2       0       0
Total ram usage:        4 bytes
 Hardware stack levels required when called:    6
 This function calls:
		_IRQ_RB0_init
		_TIMER1_init
		___wmul
		_adc_amostra
		_adc_init
		_display7s
		_init_temperature
		_itoa
		_temperature_decrease
		_temperature_increase
 This function is called by:
		Startup code after reset
 This function uses a non-reentrant model


 *************** function _temperature_increase *****************
 Defined at:
		line 120 in file "main.c"
 Parameters:    Size  Location     Type
  x               2   29[BANK0 ] unsigned int 
  y               1   31[BANK0 ] PTR unsigned char 
		 -> str(6), 
 Auto vars:     Size  Location     Type
  x               1   38[BANK0 ] unsigned char 
  y               1   37[BANK0 ] unsigned char 
  res             2   35[BANK0 ] int 
 Return value:  Size  Location     Type
                  1    wreg      void 
 Registers used:
		wreg, fsr0l, fsr0h, status,2, status,0, btemp+1, pclath, cstack
 Tracked objects:
		On entry : 
		On exit  : 
		Unchanged: 
 Data sizes:     COMMON   BANK0   BANK1   BANK3   BANK2
      Params:         0       3       0       0       0
      Locals:         0       4       0       0       0
      Temps:          0       3       0       0       0
      Totals:         0      10       0       0       0
Total ram usage:       10 bytes
 Hardware stack levels used:    1
 Hardware stack levels required when called:    5
 This function calls:
		___wmul
		_adc_amostra
		_display7s
		_itoa
 This function is called by:
		_main
 This function uses a non-reentrant model


 *************** function _temperature_decrease *****************
 Defined at:
		line 153 in file "main.c"
 Parameters:    Size  Location     Type
  x               2   29[BANK0 ] unsigned int 
  y               1   31[BANK0 ] PTR unsigned char 
		 -> str(6), 
 Auto vars:     Size  Location     Type
  x               1   37[BANK0 ] unsigned char 
  y               1   36[BANK0 ] unsigned char 
  res             2   34[BANK0 ] int 
 Return value:  Size  Location     Type
                  1    wreg      void 
 Registers used:
		wreg, fsr0l, fsr0h, status,2, status,0, btemp+1, pclath, cstack
 Tracked objects:
		On entry : 
		On exit  : 
		Unchanged: 
 Data sizes:     COMMON   BANK0   BANK1   BANK3   BANK2
      Params:         0       3       0       0       0
      Locals:         0       4       0       0       0
      Temps:          0       2       0       0       0
      Totals:         0       9       0       0       0
Total ram usage:        9 bytes
 Hardware stack levels used:    1
 Hardware stack levels required when called:    5
 This function calls:
		___wmul
		_adc_amostra
		_display7s
		_itoa
 This function is called by:
		_main
 This function uses a non-reentrant model


 *************** function _init_temperature *****************
 Defined at:
		line 90 in file "main.c"
 Parameters:    Size  Location     Type
  x               2   29[BANK0 ] unsigned int 
  y               1   31[BANK0 ] PTR unsigned char 
		 -> str(6), 
 Auto vars:     Size  Location     Type
  x               1   35[BANK0 ] unsigned char 
  y               1   34[BANK0 ] unsigned char 
  res             2   36[BANK0 ] int 
 Return value:  Size  Location     Type
                  1    wreg      void 
 Registers used:
		wreg, fsr0l, fsr0h, status,2, status,0, btemp+1, pclath, cstack
 Tracked objects:
		On entry : 
		On exit  : 
		Unchanged: 
 Data sizes:     COMMON   BANK0   BANK1   BANK3   BANK2
      Params:         0       3       0       0       0
      Locals:         0       4       0       0       0
      Temps:          0       2       0       0       0
      Totals:         0       9       0       0       0
Total ram usage:        9 bytes
 Hardware stack levels used:    1
 Hardware stack levels required when called:    5
 This function calls:
		___wmul
		_adc_amostra
		_display7s
		_itoa
 This function is called by:
		_main
 This function uses a non-reentrant model


 *************** function _itoa *****************
 Defined at:
		line 27 in file "itoa.c"
 Parameters:    Size  Location     Type
  val             2   25[BANK0 ] unsigned int 
  str             1   27[BANK0 ] PTR unsigned char 
		 -> str(6), 
 Auto vars:     Size  Location     Type
		None
 Return value:  Size  Location     Type
                  1    wreg      void 
 Registers used:
		wreg, fsr0l, fsr0h, status,2, status,0, btemp+1, pclath, cstack
 Tracked objects:
		On entry : 
		On exit  : 
		Unchanged: 
 Data sizes:     COMMON   BANK0   BANK1   BANK3   BANK2
      Params:         0       3       0       0       0
      Locals:         0       0       0       0       0
      Temps:          0       0       0       0       0
      Totals:         0       3       0       0       0
Total ram usage:        3 bytes
 Hardware stack levels used:    1
 Hardware stack levels required when called:    4
 This function calls:
		___lwdiv
		___lwmod
 This function is called by:
		_main
		_init_temperature
		_temperature_increase
		_temperature_decrease
 This function uses a non-reentrant model


 *************** function ___lwmod *****************
 Defined at:
		line 5 in file "C:\Program Files\Microchip\xc8\v2.20\pic\sources\c90\common\lwmod.c"
 Parameters:    Size  Location     Type
  divisor         2   13[BANK0 ] unsigned int 
  dividend        2   15[BANK0 ] unsigned int 
 Auto vars:     Size  Location     Type
  counter         1   17[BANK0 ] unsigned char 
 Return value:  Size  Location     Type
                  2   13[BANK0 ] unsigned int 
 Registers used:
		wreg, status,2, status,0, btemp+1
 Tracked objects:
		On entry : 
		On exit  : 
		Unchanged: 
 Data sizes:     COMMON   BANK0   BANK1   BANK3   BANK2
      Params:         0       4       0       0       0
      Locals:         0       1       0       0       0
      Temps:          0       0       0       0       0
      Totals:         0       5       0       0       0
Total ram usage:        5 bytes
 Hardware stack levels used:    1
 Hardware stack levels required when called:    3
 This function calls:
		Nothing
 This function is called by:
		_itoa
 This function uses a non-reentrant model


 *************** function ___lwdiv *****************
 Defined at:
		line 5 in file "C:\Program Files\Microchip\xc8\v2.20\pic\sources\c90\common\lwdiv.c"
 Parameters:    Size  Location     Type
  divisor         2   18[BANK0 ] unsigned int 
  dividend        2   20[BANK0 ] unsigned int 
 Auto vars:     Size  Location     Type
  quotient        2   23[BANK0 ] unsigned int 
  counter         1   22[BANK0 ] unsigned char 
 Return value:  Size  Location     Type
                  2   18[BANK0 ] unsigned int 
 Registers used:
		wreg, status,2, status,0, btemp+1
 Tracked objects:
		On entry : 
		On exit  : 
		Unchanged: 
 Data sizes:     COMMON   BANK0   BANK1   BANK3   BANK2
      Params:         0       4       0       0       0
      Locals:         0       3       0       0       0
      Temps:          0       0       0       0       0
      Totals:         0       7       0       0       0
Total ram usage:        7 bytes
 Hardware stack levels used:    1
 Hardware stack levels required when called:    3
 This function calls:
		Nothing
 This function is called by:
		_itoa
 This function uses a non-reentrant model


 *************** function _display7s *****************
 Defined at:
		line 8 in file "7-Segment.c"
 Parameters:    Size  Location     Type
  v               1    wreg     unsigned char 
 Auto vars:     Size  Location     Type
  v               1   15[BANK0 ] unsigned char 
 Return value:  Size  Location     Type
                  1    wreg      unsigned char 
 Registers used:
		wreg, fsr0l, fsr0h, status,2, status,0
 Tracked objects:
		On entry : 
		On exit  : 
		Unchanged: 
 Data sizes:     COMMON   BANK0   BANK1   BANK3   BANK2
      Params:         0       0       0       0       0
      Locals:         0       1       0       0       0
      Temps:          0       2       0       0       0
      Totals:         0       3       0       0       0
Total ram usage:        3 bytes
 Hardware stack levels used:    1
 Hardware stack levels required when called:    3
 This function calls:
		Nothing
 This function is called by:
		_main
		_init_temperature
		_temperature_increase
		_temperature_decrease
 This function uses a non-reentrant model


 *************** function _adc_amostra *****************
 Defined at:
		line 44 in file "adc.c"
 Parameters:    Size  Location     Type
  canal           1    wreg     unsigned char 
 Auto vars:     Size  Location     Type
  canal           1   22[BANK0 ] unsigned char 
 Return value:  Size  Location     Type
                  2   13[BANK0 ] unsigned int 
 Registers used:
		wreg, fsr0l, fsr0h, status,2, status,0
 Tracked objects:
		On entry : 
		On exit  : 
		Unchanged: 
 Data sizes:     COMMON   BANK0   BANK1   BANK3   BANK2
      Params:         0       2       0       0       0
      Locals:         0       1       0       0       0
      Temps:          0       7       0       0       0
      Totals:         0      10       0       0       0
Total ram usage:       10 bytes
 Hardware stack levels used:    1
 Hardware stack levels required when called:    3
 This function calls:
		Nothing
 This function is called by:
		_main
		_init_temperature
		_temperature_increase
		_temperature_decrease
 This function uses a non-reentrant model


 *************** function ___wmul *****************
 Defined at:
		line 15 in file "C:\Program Files\Microchip\xc8\v2.20\pic\sources\c90\common\Umul16.c"
 Parameters:    Size  Location     Type
  multiplier      2   23[BANK0 ] unsigned int 
  multiplicand    2   25[BANK0 ] unsigned int 
 Auto vars:     Size  Location     Type
  product         2   27[BANK0 ] unsigned int 
 Return value:  Size  Location     Type
                  2   23[BANK0 ] unsigned int 
 Registers used:
		wreg, status,2, status,0
 Tracked objects:
		On entry : 
		On exit  : 
		Unchanged: 
 Data sizes:     COMMON   BANK0   BANK1   BANK3   BANK2
      Params:         0       4       0       0       0
      Locals:         0       2       0       0       0
      Temps:          0       0       0       0       0
      Totals:         0       6       0       0       0
Total ram usage:        6 bytes
 Hardware stack levels used:    1
 Hardware stack levels required when called:    3
 This function calls:
		Nothing
 This function is called by:
		_main
		_init_temperature
		_temperature_increase
		_temperature_decrease
 This function uses a non-reentrant model


 *************** function _adc_init *****************
 Defined at:
		line 30 in file "adc.c"
 Parameters:    Size  Location     Type
		None
 Auto vars:     Size  Location     Type
		None
 Return value:  Size  Location     Type
                  1    wreg      void 
 Registers used:
		wreg
 Tracked objects:
		On entry : 
		On exit  : 
		Unchanged: 
 Data sizes:     COMMON   BANK0   BANK1   BANK3   BANK2
      Params:         0       0       0       0       0
      Locals:         0       0       0       0       0
      Temps:          0       0       0       0       0
      Totals:         0       0       0       0       0
Total ram usage:        0 bytes
 Hardware stack levels used:    1
 Hardware stack levels required when called:    3
 This function calls:
		Nothing
 This function is called by:
		_main
 This function uses a non-reentrant model


 *************** function _TIMER1_init *****************
 Defined at:
		line 252 in file "main.c"
 Parameters:    Size  Location     Type
		None
 Auto vars:     Size  Location     Type
		None
 Return value:  Size  Location     Type
                  1    wreg      void 
 Registers used:
		None
 Tracked objects:
		On entry : 
		On exit  : 
		Unchanged: 
 Data sizes:     COMMON   BANK0   BANK1   BANK3   BANK2
      Params:         0       0       0       0       0
      Locals:         0       0       0       0       0
      Temps:          0       0       0       0       0
      Totals:         0       0       0       0       0
Total ram usage:        0 bytes
 Hardware stack levels used:    1
 Hardware stack levels required when called:    3
 This function calls:
		Nothing
 This function is called by:
		_main
 This function uses a non-reentrant model


 *************** function _IRQ_RB0_init *****************
 Defined at:
		line 243 in file "main.c"
 Parameters:    Size  Location     Type
		None
 Auto vars:     Size  Location     Type
		None
 Return value:  Size  Location     Type
                  1    wreg      void 
 Registers used:
		None
 Tracked objects:
		On entry : 
		On exit  : 
		Unchanged: 
 Data sizes:     COMMON   BANK0   BANK1   BANK3   BANK2
      Params:         0       0       0       0       0
      Locals:         0       0       0       0       0
      Temps:          0       0       0       0       0
      Totals:         0       0       0       0       0
Total ram usage:        0 bytes
 Hardware stack levels used:    1
 Hardware stack levels required when called:    3
 This function calls:
		Nothing
 This function is called by:
		_main
 This function uses a non-reentrant model


 *************** function _ISR *****************
 Defined at:
		line 187 in file "main.c"
 Parameters:    Size  Location     Type
		None
 Auto vars:     Size  Location     Type
  x               1   12[BANK0 ] unsigned char 
  y               1   11[BANK0 ] unsigned char 
 Return value:  Size  Location     Type
                  1    wreg      void 
 Registers used:
		wreg, fsr0l, fsr0h, status,2, status,0, btemp+1, pclath, cstack
 Tracked objects:
		On entry : 
		On exit  : 
		Unchanged: 
 Data sizes:     COMMON   BANK0   BANK1   BANK3   BANK2
      Params:         0       0       0       0       0
      Locals:         0       2       0       0       0
      Temps:          0       8       0       0       0
      Totals:         0      10       0       0       0
Total ram usage:       10 bytes
 Hardware stack levels used:    1
 Hardware stack levels required when called:    2
 This function calls:
		i1___lwdiv
		i1___wmul
		i1_adc_amostra
		i1_itoa
 This function is called by:
		Interrupt level 1
 This function uses a non-reentrant model


 *************** function i1_itoa *****************
 Defined at:
		line 27 in file "itoa.c"
 Parameters:    Size  Location     Type
  val             2    0[BANK0 ] unsigned int 
  str             1    2[BANK0 ] PTR unsigned char 
		 -> str(6), 
 Auto vars:     Size  Location     Type
		None
 Return value:  Size  Location     Type
                  1    wreg      void 
 Registers used:
		wreg, fsr0l, fsr0h, status,2, status,0, btemp+1, pclath, cstack
 Tracked objects:
		On entry : 
		On exit  : 
		Unchanged: 
 Data sizes:     COMMON   BANK0   BANK1   BANK3   BANK2
      Params:         0       3       0       0       0
      Locals:         0       0       0       0       0
      Temps:          0       0       0       0       0
      Totals:         0       3       0       0       0
Total ram usage:        3 bytes
 Hardware stack levels used:    1
 Hardware stack levels required when called:    1
 This function calls:
		i1___lwdiv
		i1___lwmod
 This function is called by:
		_ISR
 This function uses a non-reentrant model


 *************** function i1___lwmod *****************
 Defined at:
		line 5 in file "C:\Program Files\Microchip\xc8\v2.20\pic\sources\c90\common\lwmod.c"
 Parameters:    Size  Location     Type
  divisor         2    0[COMMON] unsigned int 
  dividend        2    2[COMMON] unsigned int 
 Auto vars:     Size  Location     Type
  counter         1    4[COMMON] unsigned char 
 Return value:  Size  Location     Type
                  2    0[COMMON] unsigned int 
 Registers used:
		wreg, status,2, status,0, btemp+1
 Tracked objects:
		On entry : 
		On exit  : 
		Unchanged: 
 Data sizes:     COMMON   BANK0   BANK1   BANK3   BANK2
      Params:         4       0       0       0       0
      Locals:         1       0       0       0       0
      Temps:          0       0       0       0       0
      Totals:         5       0       0       0       0
Total ram usage:        5 bytes
 Hardware stack levels used:    1
 This function calls:
		Nothing
 This function is called by:
		i1_itoa
 This function uses a non-reentrant model


 *************** function i1___lwdiv *****************
 Defined at:
		line 5 in file "C:\Program Files\Microchip\xc8\v2.20\pic\sources\c90\common\lwdiv.c"
 Parameters:    Size  Location     Type
  divisor         2    5[COMMON] unsigned int 
  dividend        2    7[COMMON] unsigned int 
 Auto vars:     Size  Location     Type
  quotient        2    9[COMMON] unsigned int 
  counter         1   11[COMMON] unsigned char 
 Return value:  Size  Location     Type
                  2    5[COMMON] unsigned int 
 Registers used:
		wreg, status,2, status,0, btemp+1
 Tracked objects:
		On entry : 
		On exit  : 
		Unchanged: 
 Data sizes:     COMMON   BANK0   BANK1   BANK3   BANK2
      Params:         4       0       0       0       0
      Locals:         3       0       0       0       0
      Temps:          0       0       0       0       0
      Totals:         7       0       0       0       0
Total ram usage:        7 bytes
 Hardware stack levels used:    1
 This function calls:
		Nothing
 This function is called by:
		_ISR
		i1_itoa
 This function uses a non-reentrant model


 *************** function i1_adc_amostra *****************
 Defined at:
		line 44 in file "adc.c"
 Parameters:    Size  Location     Type
  canal           1    wreg     unsigned char 
 Auto vars:     Size  Location     Type
  canal           1    9[COMMON] unsigned char 
 Return value:  Size  Location     Type
                  2    0[COMMON] unsigned int 
 Registers used:
		wreg, fsr0l, fsr0h, status,2, status,0
 Tracked objects:
		On entry : 
		On exit  : 
		Unchanged: 
 Data sizes:     COMMON   BANK0   BANK1   BANK3   BANK2
      Params:         2       0       0       0       0
      Locals:         1       0       0       0       0
      Temps:          7       0       0       0       0
      Totals:        10       0       0       0       0
Total ram usage:       10 bytes
 Hardware stack levels used:    1
 This function calls:
		Nothing
 This function is called by:
		_ISR
 This function uses a non-reentrant model


 *************** function i1___wmul *****************
 Defined at:
		line 15 in file "C:\Program Files\Microchip\xc8\v2.20\pic\sources\c90\common\Umul16.c"
 Parameters:    Size  Location     Type
  multiplier      2   10[COMMON] unsigned int 
  multiplicand    2   12[COMMON] unsigned int 
 Auto vars:     Size  Location     Type
  product         2    0[BANK0 ] unsigned int 
 Return value:  Size  Location     Type
                  2   10[COMMON] unsigned int 
 Registers used:
		wreg, status,2, status,0
 Tracked objects:
		On entry : 
		On exit  : 
		Unchanged: 
 Data sizes:     COMMON   BANK0   BANK1   BANK3   BANK2
      Params:         4       0       0       0       0
      Locals:         0       2       0       0       0
      Temps:          0       0       0       0       0
      Totals:         4       2       0       0       0
Total ram usage:        6 bytes
 Hardware stack levels used:    1
 This function calls:
		Nothing
 This function is called by:
		_ISR
 This function uses a non-reentrant model



MODULE INFORMATION

Module		Function		Class		Link	Load	Size
C:\Program Files\Microchip\xc8\v2.20\pic\sources\c90\common\lwmod.c
		___lwmod       		CODE           	0647	0000	61

C:\Program Files\Microchip\xc8\v2.20\pic\sources\c90\common\lwmod.c estimated size: 61

adc.c
		_adc_amostra   		CODE           	0575	0000	73
		_adc_init      		CODE           	0720	0000	10

adc.c estimated size: 83

shared
		i1_adc_amostra 		CODE           	0527	0000	79
		i1___lwdiv     		CODE           	0603	0000	69
		i1___wmul      		CODE           	06BD	0000	44
		i1___lwmod     		CODE           	0683	0000	59
		__initialization		CODE           	0015	0000	34
		i1_itoa        		CODE           	04CF	0000	89

shared estimated size: 374

7-Segment.c
		_display7s     		CODE           	0412	0000	98

7-Segment.c estimated size: 98

C:\Program Files\Microchip\xc8\v2.20\pic\sources\c90\common\Umul16.c
		___wmul        		CODE           	06E8	0000	40

C:\Program Files\Microchip\xc8\v2.20\pic\sources\c90\common\Umul16.c estimated size: 40

C:\Program Files\Microchip\xc8\v2.20\pic\sources\c90\common\lwdiv.c
		___lwdiv       		CODE           	05BD	0000	71

C:\Program Files\Microchip\xc8\v2.20\pic\sources\c90\common\lwdiv.c estimated size: 71

itoa.c
		_itoa          		CODE           	0473	0000	93

itoa.c estimated size: 93

main.c
		_temperature_decrease		CODE           	036D	0000	166
		_temperature_increase		CODE           	02BA	0000	180
		_TIMER1_init   		CODE           	070F	0000	18
		_ISR           		CODE           	003A	0000	230
		_IRQ_RB0_init  		CODE           	0731	0000	7
		_main          		CODE           	011F	0000	225
		_init_temperature		CODE           	01FF	0000	188

main.c estimated size: 1014

