Microchip MPLAB XC8 Compiler V2.20

Linker command line:

-W-3 --edf=/opt/microchip/xc8/v2.20/pic/dat/en_msgs.txt -cn \
  -h+dist/default/production/waleedv2.production.sym \
  --cmf=dist/default/production/waleedv2.production.cmf -z -Q16F877A \
  -o/tmp/xcXjPMObm --defsym=__MPLAB_BUILD=1 \
  -Mdist/default/production/waleedv2.production.map -E1 -ver=XC8 Compiler \
  --acfsm=1493 -ASTACK=0110h-016Fh -pstack=STACK -ACODE=00h-07FFhx4 \
  -ASTRCODE=00h-01FFFh -ASTRING=00h-0FFhx32 -ACONST=00h-0FFhx32 \
  -AENTRY=00h-0FFhx32 -ACOMMON=070h-07Fh -ABANK0=020h-06Fh \
  -ABANK1=0A0h-0EFh -ABANK2=0110h-016Fh -ABANK3=0190h-01EFh \
  -ARAM=020h-06Fh,0A0h-0EFh,0110h-016Fh,0190h-01EFh \
  -AABS1=020h-07Fh,0A0h-0EFh,0110h-016Fh,0190h-01EFh -ASFR0=00h-01Fh \
  -ASFR1=080h-09Fh -ASFR2=0100h-010Fh -ASFR3=0180h-018Fh \
  -ACONFIG=02007h-02007h -DCONFIG=2 -AIDLOC=02000h-02003h -DIDLOC=2 \
  -preset_vec=00h,intentry=04h,init,end_init -ppowerup=CODE -pcinit=CODE \
  -pfunctab=ENTRY -AEEDATA=00h-0FFh/02100h -peeprom_data=EEDATA -DEEDATA=2 \
  -DCODE=2 -DSTRCODE=2 -DSTRING=2 -DCONST=2 -DENTRY=2 -k /tmp/xcXBhAlgp.o \
  dist/default/production/waleedv2.production.o 

Object code version is 3.11

Machine type is 16F877A



                Name                               Link     Load   Length Selector   Space Scale
/tmp/xcXBhAlgp.o
                end_init                             12       12        3        8       0
                reset_vec                             0        0        3        0       0
                config                             2007     2007        1        0       4
dist/default/production/waleedv2.production.o
                cinit                                15       15       1A        8       0
                intentry                              4        4        E        8       0
                config                             2007     2007        1        0       4
                text35                              75A      75A       2B        8       0
                text34                              4F4      4F4       4E        8       0
                text33                              5CE      5CE       44        8       0
                text32                              68B      68B       3A        8       0
                text31                              3F2      3F2       58        8       0
                text30                              39A      39A       58        8       0
                text29                              2D7      2D7       68        8       0
                text28                              7ED      7ED        D        8       0
                text27                              FBA      FBA        9     1F74       0
                text26                              FC3      FC3        9     1F86       0
                text25                              79C      79C       17        8       0
                text24                              FF4      FF4        C     1FE8       0
                text23                              785      785       17        8       0
                text22                              6C5      6C5       36        8       0
                text21                              26F      26F       68        8       0
                text20                              588      588       46        8       0
                text19                              7FA      7FA        6        8       0
                text18                              7DC      7DC       11        8       0
                text17                              FCC      FCC        9     1F98       0
                text16                              FA3      FA3        5     1F46       0
                text15                              6FB      6FB       30        8       0
                text14                              FA8      FA8        5     1F50       0
                text13                              542      542       46        8       0
                text12                              64F      64F       3C        8       0
                text11                              7B3      7B3       16        8       0
                text10                              49F      49F       55        8       0
                text9                               FAD      FAD        5     1F5A       0
                text8                               612      612       3D        8       0
                text7                               FD5      FD5        9     1FAA       0
                text6                               72B      72B       2F        8       0
                text5                               206      206       69        8       0
                text4                               33F      33F       5B        8       0
                text3                               44A      44A       55        8       0
                text2                                2F       2F      121        8       0
                text1                               FDE      FDE        B     1FBC       0
                maintext                            150      150       B6        8       0
                cstackBANK0                          20       20       22       20       1
                cstackCOMMON                         70       70        E       70       1
                cstackBANK1                          A0       A0        9       A0       1
                clrtext                             FB2      FB2        8     1F64       0
                inittext                            7C9      7C9       13        8       0
                dataBANK0                            53       53        B       20       1
                bssBANK0                             42       42       11       20       1
                nvBANK0                              5E       5E        1       20       1
                idataBANK0                          FE9      FE9        B     1FD2       0

TOTAL           Name                               Link     Load   Length     Space
        CLASS   STACK          

        CLASS   CODE           
                end_init                             12       12        3         0
                cinit                                15       15       1A         0
                intentry                              4        4        E         0
                reset_vec                             0        0        3         0
                text35                              75A      75A       2B         0
                text34                              4F4      4F4       4E         0
                text33                              5CE      5CE       44         0
                text32                              68B      68B       3A         0
                text31                              3F2      3F2       58         0
                text30                              39A      39A       58         0
                text29                              2D7      2D7       68         0
                text28                              7ED      7ED        D         0
                text27                              FBA      FBA        9         0
                text26                              FC3      FC3        9         0
                text25                              79C      79C       17         0
                text24                              FF4      FF4        C         0
                text23                              785      785       17         0
                text22                              6C5      6C5       36         0
                text21                              26F      26F       68         0
                text20                              588      588       46         0
                text19                              7FA      7FA        6         0
                text18                              7DC      7DC       11         0
                text17                              FCC      FCC        9         0
                text16                              FA3      FA3        5         0
                text15                              6FB      6FB       30         0
                text14                              FA8      FA8        5         0
                text13                              542      542       46         0
                text12                              64F      64F       3C         0
                text11                              7B3      7B3       16         0
                text10                              49F      49F       55         0
                text9                               FAD      FAD        5         0
                text8                               612      612       3D         0
                text7                               FD5      FD5        9         0
                text6                               72B      72B       2F         0
                text5                               206      206       69         0
                text4                               33F      33F       5B         0
                text3                               44A      44A       55         0
                text2                                2F       2F      121         0
                text1                               FDE      FDE        B         0
                maintext                            150      150       B6         0
                clrtext                             FB2      FB2        8         0
                inittext                            7C9      7C9       13         0
                idataBANK0                          FE9      FE9        B         0

        CLASS   STRCODE        

        CLASS   STRING         

        CLASS   CONST          

        CLASS   ENTRY          

        CLASS   COMMON         
                cstackCOMMON                         70       70        E         1

        CLASS   BANK0          
                cstackBANK0                          20       20       22         1
                dataBANK0                            53       53        B         1
                bssBANK0                             42       42       11         1
                nvBANK0                              5E       5E        1         1

        CLASS   BANK1          
                cstackBANK1                          A0       A0        9         1

        CLASS   BANK2          

        CLASS   BANK3          

        CLASS   RAM            

        CLASS   ABS1           
                abs_s1                               7E       7E        2         1

        CLASS   SFR0           

        CLASS   SFR1           

        CLASS   SFR2           

        CLASS   SFR3           

        CLASS   CONFIG         
                config                             2007     2007        1         4

        CLASS   IDLOC          

        CLASS   EEDATA         



SEGMENTS        Name                           Load    Length   Top    Selector   Space  Class     Delta

                text7                          000FD5  000009  000FDE      1FAA       0  CODE        2
                text27                         000FBA  000009  000FC3      1F74       0  CODE        2
                text26                         000FC3  000009  000FCC      1F86       0  CODE        2
                text17                         000FCC  000009  000FD5      1F98       0  CODE        2
                idataBANK0                     000FE9  00000B  000FF4      1FD2       0  CODE        2
                reset_vec                      000000  000003  000003         0       0  CODE        2
                text1                          000FDE  00000B  000FE9      1FBC       0  CODE        2
                text14                         000FA8  000005  000FAD      1F50       0  CODE        2
                text16                         000FA3  000005  000FA8      1F46       0  CODE        2
                clrtext                        000FB2  000008  000FBA      1F64       0  CODE        2
                text9                          000FAD  000005  000FB2      1F5A       0  CODE        2
                cstackBANK1                    0000A0  000009  0000A9        A0       1  BANK1       1
                cstackBANK0                    000020  00003F  00005F        20       1  BANK0       1
                intentry                       000004  0007FC  000800         8       0  CODE        2
                cstackCOMMON                   000070  00000E  00007E        70       1  COMMON      1
                text24                         000FF4  00000C  001000      1FE8       0  CODE        2


UNUSED ADDRESS RANGES

        Name                Unused          Largest block    Delta
        BANK0            005F-006F             11           1
        BANK1            00A9-00EF             47           1
        BANK2            0110-016F             60           1
        BANK3            0190-01EF             60           1
        CODE             0003-0003              1           2
                         0800-0FA2            7A3
                         1000-1FFF            800
        CONST            0003-0003              1           2
                         0800-0FA2            100
                         1000-1FFF            100
        EEDATA           2100-21FF            100           2
        ENTRY            0003-0003              1           2
                         0800-0FA2            100
                         1000-1FFF            100
        IDLOC            2000-2003              4           2
        RAM              005F-006F             11           1
                         00A9-00EF             47
                         0110-016F             60
                         0190-01EF             60
        SFR0             0000-001F             20           1
        SFR1             0080-009F             20           1
        SFR2             0100-010F             10           1
        SFR3             0180-018F             10           1
        STACK            0110-016F             60           1
        STRCODE          0003-0003              1           2
                         0800-0FA2            7A3
                         1000-1FFF           1000
        STRING           0003-0003              1           2
                         0800-0FA2            100
                         1000-1FFF            100

                                  Symbol Table

?___awdiv                          cstackBANK0  0031
?___awmod                          cstackBANK0  0031
?___lldiv                          cstackBANK0  0031
?___lwdiv                          cstackBANK0  0031
?___lwmod                          cstackBANK0  0031
?___wmul                           cstackCOMMON 007A
?_adc_amostra                      cstackCOMMON 0070
?i1___lwdiv                        cstackCOMMON 0075
?i1___lwmod                        cstackCOMMON 0070
EEPROM_Read@Data                   cstackBANK0  0034
EEPROM_Read@add                    cstackBANK0  0032
EEPROM_Write@add                   cstackBANK0  0033
EEPROM_Write@data                  cstackBANK0  0032
I2C_Master_Init@baud               cstackBANK1  00A0
I2C_Master_Write@data              cstackBANK0  0031
_ACKDT                             (abs)        048D
_ACKEN                             (abs)        048C
_ACKSTAT                           (abs)        048E
_ADCON0                            (abs)        001F
_ADCON0bits                        (abs)        001F
_ADCON1                            (abs)        009F
_ADRESH                            (abs)        001E
_ADRESL                            (abs)        009E
_EEPROM_Read                       text22       06C5
_EEPROM_Write                      text6        072B
_GIE                               (abs)        005F
_I2C_Master_Init                   text20       0588
_I2C_Master_RepeatedStart          text7        0FD5
_I2C_Master_Start                  text27       0FBA
_I2C_Master_Stop                   text26       0FC3
_I2C_Master_Wait                   text28       07ED
_I2C_Master_Write                  text25       079C
_I2C_NACK                          text24       0FF4
_I2C_Read_Byte                     text23       0785
_INTE                              (abs)        005C
_INTEDG                            (abs)        040E
_INTF                              (abs)        0059
_IRQ_RB0_init                      text19       07FA
_ISR                               text29       02D7
_Number_Tempreture                 bssBANK0     004B
_PEIE                              (abs)        005E
_PEN                               (abs)        048A
_PORTAbits                         (abs)        0005
_PORTBbits                         (abs)        0006
_PORTD                             (abs)        0008
_PORTEbits                         (abs)        0009
_RB5                               (abs)        0035
_RB7                               (abs)        0037
_RC2                               (abs)        003A
_RC5                               (abs)        003D
_RCEN                              (abs)        048B
_RSEN                              (abs)        0489
_ReadTemp                          bssBANK0     0049
_SEN                               (abs)        0488
_SSPADD                            (abs)        0093
_SSPBUF                            (abs)        0013
_SSPCON                            (abs)        0014
_SSPCON2                           (abs)        0091
_SSPIF                             (abs)        0063
_SSPSTAT                           (abs)        0094
_T1CKPS0                           (abs)        0084
_T1CKPS1                           (abs)        0085
_TEMPRETURE                        bssBANK0     0044
_TIMER1_init                       text18       07DC
_TMR1                              (abs)        000E
_TMR1CS                            (abs)        0081
_TMR1IE                            (abs)        0460
_TMR1IF                            (abs)        0060
_TMR1ON                            (abs)        0080
_TRISA                             (abs)        0085
_TRISB3                            (abs)        0433
_TRISB4                            (abs)        0434
_TRISB5                            (abs)        0435
_TRISB7                            (abs)        0437
_TRISC2                            (abs)        043A
_TRISC3                            (abs)        043B
_TRISC4                            (abs)        043C
_TRISC5                            (abs)        043D
_TRISD                             (abs)        0088
_TargetTempreture                  bssBANK0     0046
__Habs1                            abs1         0000
__Hbank0                           bank0        0000
__Hbank1                           bank1        0000
__Hbank2                           bank2        0000
__Hbank3                           bank3        0000
__HbssBANK0                        bssBANK0     0000
__Hcinit                           cinit        002F
__Hclrtext                         clrtext      0000
__Hcode                            code         0000
__Hcommon                          common       0000
__Hconfig                          config       2008
__HcstackBANK0                     cstackBANK0  0000
__HcstackBANK1                     cstackBANK1  0000
__HcstackCOMMON                    cstackCOMMON 0000
__HdataBANK0                       dataBANK0    0000
__Heeprom_data                     eeprom_data  0000
__Hend_init                        end_init     0015
__Hfunctab                         functab      0000
__HidataBANK0                      idataBANK0   0000
__Hinit                            init         0012
__Hinittext                        inittext     0000
__Hintentry                        intentry     0012
__Hmaintext                        maintext     0000
__HnvBANK0                         nvBANK0      0000
__Hpowerup                         powerup      0000
__Hram                             ram          0000
__Hreset_vec                       reset_vec    0003
__Hsfr0                            sfr0         0000
__Hsfr1                            sfr1         0000
__Hsfr2                            sfr2         0000
__Hsfr3                            sfr3         0000
__Hspace_0                         (abs)        1000
__Hspace_1                         (abs)        00A9
__Hspace_2                         (abs)        0000
__Hspace_3                         (abs)        0000
__Hspace_4                         (abs)        400F
__Hstack                           stack        0000
__Hstrings                         strings      0000
__Htext                            text         0000
__Labs1                            abs1         0000
__Lbank0                           bank0        0000
__Lbank1                           bank1        0000
__Lbank2                           bank2        0000
__Lbank3                           bank3        0000
__LbssBANK0                        bssBANK0     0000
__Lcinit                           cinit        0015
__Lclrtext                         clrtext      0000
__Lcode                            code         0000
__Lcommon                          common       0000
__Lconfig                          config       0000
__LcstackBANK0                     cstackBANK0  0000
__LcstackBANK1                     cstackBANK1  0000
__LcstackCOMMON                    cstackCOMMON 0000
__LdataBANK0                       dataBANK0    0000
__Leeprom_data                     eeprom_data  0000
__Lend_init                        end_init     0012
__Lfunctab                         functab      0000
__LidataBANK0                      idataBANK0   0000
__Linit                            init         0012
__Linittext                        inittext     0000
__Lintentry                        intentry     0004
__Lmaintext                        maintext     0000
__LnvBANK0                         nvBANK0      0000
__Lpowerup                         powerup      0000
__Lram                             ram          0000
__Lreset_vec                       reset_vec    0000
__Lsfr0                            sfr0         0000
__Lsfr1                            sfr1         0000
__Lsfr2                            sfr2         0000
__Lsfr3                            sfr3         0000
__Lspace_0                         (abs)        0000
__Lspace_1                         (abs)        0000
__Lspace_2                         (abs)        0000
__Lspace_3                         (abs)        0000
__Lspace_4                         (abs)        0000
__Lstack                           stack        0000
__Lstrings                         strings      0000
__Ltext                            text         0000
__S0                               (abs)        1000
__S1                               (abs)        00A9
__S2                               (abs)        0000
__S3                               (abs)        0000
___awdiv                           text5        0206
___awdiv@counter                   cstackBANK0  0035
___awdiv@dividend                  cstackBANK0  0033
___awdiv@divisor                   cstackBANK0  0031
___awdiv@quotient                  cstackBANK0  0037
___awdiv@sign                      cstackBANK0  0036
___awmod                           text4        033F
___awmod@counter                   cstackBANK0  0035
___awmod@dividend                  cstackBANK0  0033
___awmod@divisor                   cstackBANK0  0031
___awmod@sign                      cstackBANK0  0036
___int_sp                          stack        0000
___latbits                         (abs)        0002
___lldiv                           text21       026F
___lldiv@counter                   cstackBANK0  003E
___lldiv@dividend                  cstackBANK0  0035
___lldiv@divisor                   cstackBANK0  0031
___lldiv@quotient                  cstackBANK0  003A
___lwdiv                           text13       0542
___lwdiv@counter                   cstackBANK0  0035
___lwdiv@dividend                  cstackBANK0  0033
___lwdiv@divisor                   cstackBANK0  0031
___lwdiv@quotient                  cstackBANK0  0036
___lwmod                           text12       064F
___lwmod@counter                   cstackBANK0  0035
___lwmod@dividend                  cstackBANK0  0033
___lwmod@divisor                   cstackBANK0  0031
___sp                              stack        0000
___stackhi                         (abs)        0000
___stacklo                         (abs)        0000
___wmul                            text35       075A
___wmul@multiplicand               cstackCOMMON 007C
___wmul@multiplier                 cstackCOMMON 007A
___wmul@product                    cstackBANK0  0020
__end_of_EEPROM_Read               text22       06FB
__end_of_EEPROM_Write              text6        075A
__end_of_I2C_Master_Init           text20       05CE
__end_of_I2C_Master_RepeatedStart  text7        0FDE
__end_of_I2C_Master_Start          text27       0FC3
__end_of_I2C_Master_Stop           text26       0FCC
__end_of_I2C_Master_Wait           text28       07FA
__end_of_I2C_Master_Write          text25       07B3
__end_of_I2C_NACK                  text24       1000
__end_of_I2C_Read_Byte             text23       079C
__end_of_IRQ_RB0_init              text19       0800
__end_of_ISR                       text29       033F
__end_of_TIMER1_init               text18       07ED
__end_of___awdiv                   text5        026F
__end_of___awmod                   text4        039A
__end_of___lldiv                   text21       02D7
__end_of___lwdiv                   text13       0588
__end_of___lwmod                   text12       068B
__end_of___wmul                    text35       0785
__end_of__initialization           cinit        002B
__end_of_adc_amostra               text34       0542
__end_of_adc_init                  text17       0FD5
__end_of_changeStatus              text15       072B
__end_of_coolerOn                  text14       0FAD
__end_of_displayDeiredTempreture   text3        049F
__end_of_displayTempreture         text10       04F4
__end_of_flashDisplay              text2        0150
__end_of_heaterOn                  text9        0FB2
__end_of_itoa                      text31       044A
__end_of_lcd_writeNumber           text11       07C9
__end_of_main                      maintext     0206
__end_of_off_state                 text16       0FA8
__end_of_on_state                  text8        064F
__end_of_setting_state             text1        0FE9
__end_of_update_tempreture         text30       03F2
__end_ofi1___lwdiv                 text33       0612
__end_ofi1___lwmod                 text32       06C5
__initialization                   cinit        0015
__pbssBANK0                        bssBANK0     0042
__pcstackBANK0                     cstackBANK0  0020
__pcstackBANK1                     cstackBANK1  00A0
__pcstackCOMMON                    cstackCOMMON 0070
__pdataBANK0                       dataBANK0    0053
__pidataBANK0                      idataBANK0   0FE9
__pintentry                        intentry     0004
__pmaintext                        maintext     0150
__pnvBANK0                         nvBANK0      005E
__ptext1                           text1        0FDE
__ptext10                          text10       049F
__ptext11                          text11       07B3
__ptext12                          text12       064F
__ptext13                          text13       0542
__ptext14                          text14       0FA8
__ptext15                          text15       06FB
__ptext16                          text16       0FA3
__ptext17                          text17       0FCC
__ptext18                          text18       07DC
__ptext19                          text19       07FA
__ptext2                           text2        002F
__ptext20                          text20       0588
__ptext21                          text21       026F
__ptext22                          text22       06C5
__ptext23                          text23       0785
__ptext24                          text24       0FF4
__ptext25                          text25       079C
__ptext26                          text26       0FC3
__ptext27                          text27       0FBA
__ptext28                          text28       07ED
__ptext29                          text29       02D7
__ptext3                           text3        044A
__ptext30                          text30       039A
__ptext31                          text31       03F2
__ptext32                          text32       068B
__ptext33                          text33       05CE
__ptext34                          text34       04F4
__ptext35                          text35       075A
__ptext4                           text4        033F
__ptext5                           text5        0206
__ptext6                           text6        072B
__ptext7                           text7        0FD5
__ptext8                           text8        0612
__ptext9                           text9        0FAD
__size_of_EEPROM_Read              (abs)        0000
__size_of_EEPROM_Write             (abs)        0000
__size_of_I2C_Master_Init          (abs)        0000
__size_of_I2C_Master_RepeatedStart (abs)        0000
__size_of_I2C_Master_Start         (abs)        0000
__size_of_I2C_Master_Stop          (abs)        0000
__size_of_I2C_Master_Wait          (abs)        0000
__size_of_I2C_Master_Write         (abs)        0000
__size_of_I2C_NACK                 (abs)        0000
__size_of_I2C_Read_Byte            (abs)        0000
__size_of_IRQ_RB0_init             (abs)        0000
__size_of_ISR                      (abs)        0000
__size_of_TIMER1_init              (abs)        0000
__size_of___awdiv                  (abs)        0000
__size_of___awmod                  (abs)        0000
__size_of___lldiv                  (abs)        0000
__size_of___lwdiv                  (abs)        0000
__size_of___lwmod                  (abs)        0000
__size_of___wmul                   (abs)        0000
__size_of_adc_amostra              (abs)        0000
__size_of_adc_init                 (abs)        0000
__size_of_changeStatus             (abs)        0000
__size_of_coolerOn                 (abs)        0000
__size_of_displayDeiredTempreture  (abs)        0000
__size_of_displayTempreture        (abs)        0000
__size_of_flashDisplay             (abs)        0000
__size_of_heaterOn                 (abs)        0000
__size_of_itoa                     (abs)        0000
__size_of_lcd_writeNumber          (abs)        0000
__size_of_main                     (abs)        0000
__size_of_off_state                (abs)        0000
__size_of_on_state                 (abs)        0000
__size_of_setting_state            (abs)        0000
__size_of_update_tempreture        (abs)        0000
__size_ofi1___lwdiv                (abs)        0000
__size_ofi1___lwmod                (abs)        0000
_accumilated_tmeperature           bssBANK0     0042
_adc_amostra                       text34       04F4
_adc_init                          text17       0FCC
_changeStatus                      text15       06FB
_coolerOn                          text14       0FA8
_displayDeiredTempreture           text3        044A
_displayTempreture                 text10       049F
_flashDisplay                      text2        002F
_heaterOn                          text9        0FAD
_itoa                              text31       03F2
_lcd_writeNumber                   text11       07B3
_main                              maintext     0150
_off_state                         text16       0FA3
_on_state                          text8        0612
_segments_code                     dataBANK0    0053
_setting_state                     text1        0FDE
_state                             nvBANK0      005E
_str                               bssBANK0     004D
_temp_state                        bssBANK0     004C
_timer1counter                     bssBANK0     004A
_update_tempreture                 text30       039A
adc_amostra@canal                  cstackCOMMON 0079
btemp                              (abs)        007E
clear_ram0                         clrtext      0FB2
displayDeiredTempreture@high       cstackBANK0  003C
displayDeiredTempreture@low        cstackBANK0  003B
displayTempreture@high             cstackBANK0  003B
displayTempreture@low              cstackBANK0  003A
end_of_initialization              cinit        002B
flashDisplay@count                 bssBANK0     0048
flashDisplay@i                     cstackBANK1  00A0
flashDisplay@i_182                 cstackBANK1  00A2
flashDisplay@prev_status           dataBANK0    005D
i1___lwdiv                         text33       05CE
i1___lwdiv@counter                 cstackCOMMON 007B
i1___lwdiv@dividend                cstackCOMMON 0077
i1___lwdiv@divisor                 cstackCOMMON 0075
i1___lwdiv@quotient                cstackCOMMON 0079
i1___lwmod                         text32       068B
i1___lwmod@counter                 cstackCOMMON 0074
i1___lwmod@dividend                cstackCOMMON 0072
i1___lwmod@divisor                 cstackCOMMON 0070
init_fetch0                        inittext     07C9
init_ram0                          inittext     07CD
interrupt_function                 intentry     0004
intlevel0                          functab      0000
intlevel1                          functab      0000
intlevel2                          functab      0000
intlevel3                          functab      0000
intlevel4                          functab      0000
intlevel5                          functab      0000
itoa@str                           cstackBANK0  0022
itoa@val                           cstackBANK0  0020
lcd_writeNumber@code               cstackBANK0  0031
lcd_writeNumber@number             cstackBANK0  0032
main@flag                          cstackBANK1  00A8
reset_vec                          reset_vec    0000
saved_w                            (abs)        007E
start                              init         0012
start_initialization               cinit        0015
update_tempreture@temp             cstackBANK0  0027
update_tempreture@x                cstackBANK0  002A
update_tempreture@y                cstackBANK0  0029
wtemp0                             (abs)        007E


FUNCTION INFORMATION:

 *************** function _main *****************
 Defined at:
		line 194 in file "main.c"
 Parameters:    Size  Location     Type
		None
 Auto vars:     Size  Location     Type
  flag            1    8[BANK1 ] unsigned char 
 Return value:  Size  Location     Type
                  1    wreg      void 
 Registers used:
		wreg, fsr0l, fsr0h, status,2, status,0, btemp+1, pclath, cstack
 Tracked objects:
		On entry : 
		On exit  : 
		Unchanged: 
 Data sizes:     COMMON   BANK0   BANK1   BANK3   BANK2
      Params:         0       0       0       0       0
      Locals:         0       0       1       0       0
      Temps:          0       3       0       0       0
      Totals:         0       3       1       0       0
Total ram usage:        4 bytes
 Hardware stack levels required when called:    9
 This function calls:
		_EEPROM_Read
		_EEPROM_Write
		_I2C_Master_Init
		_IRQ_RB0_init
		_TIMER1_init
		_adc_init
		_off_state
		_on_state
		_setting_state
 This function is called by:
		Startup code after reset
 This function uses a non-reentrant model


 *************** function _setting_state *****************
 Defined at:
		line 185 in file "main.c"
 Parameters:    Size  Location     Type
		None
 Auto vars:     Size  Location     Type
		None
 Return value:  Size  Location     Type
                  1    wreg      void 
 Registers used:
		wreg, fsr0l, fsr0h, status,2, status,0, btemp+1, pclath, cstack
 Tracked objects:
		On entry : 
		On exit  : 
		Unchanged: 
 Data sizes:     COMMON   BANK0   BANK1   BANK3   BANK2
      Params:         0       0       0       0       0
      Locals:         0       0       0       0       0
      Temps:          0       0       0       0       0
      Totals:         0       0       0       0       0
Total ram usage:        0 bytes
 Hardware stack levels used:    1
 Hardware stack levels required when called:    8
 This function calls:
		_flashDisplay
 This function is called by:
		_main
 This function uses a non-reentrant model


 *************** function _flashDisplay *****************
 Defined at:
		line 54 in file "main.c"
 Parameters:    Size  Location     Type
		None
 Auto vars:     Size  Location     Type
  i               2    2[BANK1 ] int 
  i               2    0[BANK1 ] int 
 Return value:  Size  Location     Type
                  1    wreg      void 
 Registers used:
		wreg, fsr0l, fsr0h, status,2, status,0, btemp+1, pclath, cstack
 Tracked objects:
		On entry : 
		On exit  : 
		Unchanged: 
 Data sizes:     COMMON   BANK0   BANK1   BANK3   BANK2
      Params:         0       0       0       0       0
      Locals:         0       0       4       0       0
      Temps:          0       2       0       0       0
      Totals:         0       2       4       0       0
Total ram usage:        6 bytes
 Hardware stack levels used:    1
 Hardware stack levels required when called:    7
 This function calls:
		_EEPROM_Write
		_displayDeiredTempreture
 This function is called by:
		_setting_state
 This function uses a non-reentrant model


 *************** function _displayDeiredTempreture *****************
 Defined at:
		line 269 in file "main.c"
 Parameters:    Size  Location     Type
		None
 Auto vars:     Size  Location     Type
  high            1   28[BANK0 ] unsigned char 
  low             1   27[BANK0 ] unsigned char 
 Return value:  Size  Location     Type
                  1    wreg      void 
 Registers used:
		wreg, fsr0l, fsr0h, status,2, status,0, btemp+1, pclath, cstack
 Tracked objects:
		On entry : 
		On exit  : 
		Unchanged: 
 Data sizes:     COMMON   BANK0   BANK1   BANK3   BANK2
      Params:         0       0       0       0       0
      Locals:         0       2       0       0       0
      Temps:          0       2       0       0       0
      Totals:         0       4       0       0       0
Total ram usage:        4 bytes
 Hardware stack levels used:    1
 Hardware stack levels required when called:    5
 This function calls:
		___awdiv
		___awmod
		_lcd_writeNumber
 This function is called by:
		_flashDisplay
 This function uses a non-reentrant model


 *************** function ___awmod *****************
 Defined at:
		line 5 in file "/opt/microchip/xc8/v2.20/pic/sources/c90/common/awmod.c"
 Parameters:    Size  Location     Type
  divisor         2   17[BANK0 ] int 
  dividend        2   19[BANK0 ] int 
 Auto vars:     Size  Location     Type
  sign            1   22[BANK0 ] unsigned char 
  counter         1   21[BANK0 ] unsigned char 
 Return value:  Size  Location     Type
                  2   17[BANK0 ] int 
 Registers used:
		wreg, status,2, status,0, btemp+1
 Tracked objects:
		On entry : 
		On exit  : 
		Unchanged: 
 Data sizes:     COMMON   BANK0   BANK1   BANK3   BANK2
      Params:         0       4       0       0       0
      Locals:         0       2       0       0       0
      Temps:          0       0       0       0       0
      Totals:         0       6       0       0       0
Total ram usage:        6 bytes
 Hardware stack levels used:    1
 Hardware stack levels required when called:    4
 This function calls:
		Nothing
 This function is called by:
		_displayDeiredTempreture
 This function uses a non-reentrant model


 *************** function ___awdiv *****************
 Defined at:
		line 5 in file "/opt/microchip/xc8/v2.20/pic/sources/c90/common/awdiv.c"
 Parameters:    Size  Location     Type
  divisor         2   17[BANK0 ] int 
  dividend        2   19[BANK0 ] int 
 Auto vars:     Size  Location     Type
  quotient        2   23[BANK0 ] int 
  sign            1   22[BANK0 ] unsigned char 
  counter         1   21[BANK0 ] unsigned char 
 Return value:  Size  Location     Type
                  2   17[BANK0 ] int 
 Registers used:
		wreg, status,2, status,0, btemp+1
 Tracked objects:
		On entry : 
		On exit  : 
		Unchanged: 
 Data sizes:     COMMON   BANK0   BANK1   BANK3   BANK2
      Params:         0       4       0       0       0
      Locals:         0       4       0       0       0
      Temps:          0       0       0       0       0
      Totals:         0       8       0       0       0
Total ram usage:        8 bytes
 Hardware stack levels used:    1
 Hardware stack levels required when called:    4
 This function calls:
		Nothing
 This function is called by:
		_displayDeiredTempreture
 This function uses a non-reentrant model


 *************** function _EEPROM_Write *****************
 Defined at:
		line 72 in file "ext_eeprom.c"
 Parameters:    Size  Location     Type
  add             1    wreg     unsigned char 
  data            1   18[BANK0 ] unsigned char 
 Auto vars:     Size  Location     Type
  add             1   19[BANK0 ] unsigned char 
 Return value:  Size  Location     Type
                  1    wreg      void 
 Registers used:
		wreg, status,2, status,0, pclath, cstack
 Tracked objects:
		On entry : 
		On exit  : 
		Unchanged: 
 Data sizes:     COMMON   BANK0   BANK1   BANK3   BANK2
      Params:         0       1       0       0       0
      Locals:         0       1       0       0       0
      Temps:          0       0       0       0       0
      Totals:         0       2       0       0       0
Total ram usage:        2 bytes
 Hardware stack levels used:    1
 Hardware stack levels required when called:    6
 This function calls:
		_I2C_Master_RepeatedStart
		_I2C_Master_Start
		_I2C_Master_Stop
		_I2C_Master_Write
 This function is called by:
		_flashDisplay
		_main
 This function uses a non-reentrant model


 *************** function _I2C_Master_RepeatedStart *****************
 Defined at:
		line 27 in file "ext_eeprom.c"
 Parameters:    Size  Location     Type
		None
 Auto vars:     Size  Location     Type
		None
 Return value:  Size  Location     Type
                  1    wreg      void 
 Registers used:
		wreg, status,2, status,0, pclath, cstack
 Tracked objects:
		On entry : 
		On exit  : 
		Unchanged: 
 Data sizes:     COMMON   BANK0   BANK1   BANK3   BANK2
      Params:         0       0       0       0       0
      Locals:         0       0       0       0       0
      Temps:          0       0       0       0       0
      Totals:         0       0       0       0       0
Total ram usage:        0 bytes
 Hardware stack levels used:    1
 Hardware stack levels required when called:    5
 This function calls:
		_I2C_Master_Wait
 This function is called by:
		_EEPROM_Write
		_EEPROM_Write_Page
		_EEPROM_Read_Page
 This function uses a non-reentrant model


 *************** function _on_state *****************
 Defined at:
		line 158 in file "main.c"
 Parameters:    Size  Location     Type
		None
 Auto vars:     Size  Location     Type
		None
 Return value:  Size  Location     Type
                  1    wreg      void 
 Registers used:
		wreg, fsr0l, fsr0h, status,2, status,0, btemp+1, pclath, cstack
 Tracked objects:
		On entry : 
		On exit  : 
		Unchanged: 
 Data sizes:     COMMON   BANK0   BANK1   BANK3   BANK2
      Params:         0       0       0       0       0
      Locals:         0       0       0       0       0
      Temps:          0       2       0       0       0
      Totals:         0       2       0       0       0
Total ram usage:        2 bytes
 Hardware stack levels used:    1
 Hardware stack levels required when called:    6
 This function calls:
		_changeStatus
		_coolerOn
		_displayTempreture
		_heaterOn
 This function is called by:
		_main
 This function uses a non-reentrant model


 *************** function _heaterOn *****************
 Defined at:
		line 146 in file "main.c"
 Parameters:    Size  Location     Type
		None
 Auto vars:     Size  Location     Type
		None
 Return value:  Size  Location     Type
                  1    wreg      void 
 Registers used:
		None
 Tracked objects:
		On entry : 
		On exit  : 
		Unchanged: 
 Data sizes:     COMMON   BANK0   BANK1   BANK3   BANK2
      Params:         0       0       0       0       0
      Locals:         0       0       0       0       0
      Temps:          0       0       0       0       0
      Totals:         0       0       0       0       0
Total ram usage:        0 bytes
 Hardware stack levels used:    1
 Hardware stack levels required when called:    4
 This function calls:
		Nothing
 This function is called by:
		_on_state
 This function uses a non-reentrant model


 *************** function _displayTempreture *****************
 Defined at:
		line 255 in file "main.c"
 Parameters:    Size  Location     Type
		None
 Auto vars:     Size  Location     Type
  high            1   27[BANK0 ] unsigned char 
  low             1   26[BANK0 ] unsigned char 
 Return value:  Size  Location     Type
                  1    wreg      void 
 Registers used:
		wreg, fsr0l, fsr0h, status,2, status,0, btemp+1, pclath, cstack
 Tracked objects:
		On entry : 
		On exit  : 
		Unchanged: 
 Data sizes:     COMMON   BANK0   BANK1   BANK3   BANK2
      Params:         0       0       0       0       0
      Locals:         0       2       0       0       0
      Temps:          0       2       0       0       0
      Totals:         0       4       0       0       0
Total ram usage:        4 bytes
 Hardware stack levels used:    1
 Hardware stack levels required when called:    5
 This function calls:
		___lwdiv
		___lwmod
		_lcd_writeNumber
 This function is called by:
		_on_state
 This function uses a non-reentrant model


 *************** function _lcd_writeNumber *****************
 Defined at:
		line 7 in file "seven_segment.c"
 Parameters:    Size  Location     Type
  number          1    wreg     unsigned char 
 Auto vars:     Size  Location     Type
  number          1   18[BANK0 ] unsigned char 
  code            1   17[BANK0 ] unsigned char 
 Return value:  Size  Location     Type
                  1    wreg      void 
 Registers used:
		wreg, fsr0l, fsr0h, status,2, status,0, btemp+1
 Tracked objects:
		On entry : 
		On exit  : 
		Unchanged: 
 Data sizes:     COMMON   BANK0   BANK1   BANK3   BANK2
      Params:         0       0       0       0       0
      Locals:         0       2       0       0       0
      Temps:          0       0       0       0       0
      Totals:         0       2       0       0       0
Total ram usage:        2 bytes
 Hardware stack levels used:    1
 Hardware stack levels required when called:    4
 This function calls:
		Nothing
 This function is called by:
		_displayTempreture
		_displayDeiredTempreture
 This function uses a non-reentrant model


 *************** function ___lwmod *****************
 Defined at:
		line 5 in file "/opt/microchip/xc8/v2.20/pic/sources/c90/common/lwmod.c"
 Parameters:    Size  Location     Type
  divisor         2   17[BANK0 ] unsigned int 
  dividend        2   19[BANK0 ] unsigned int 
 Auto vars:     Size  Location     Type
  counter         1   21[BANK0 ] unsigned char 
 Return value:  Size  Location     Type
                  2   17[BANK0 ] unsigned int 
 Registers used:
		wreg, status,2, status,0, btemp+1
 Tracked objects:
		On entry : 
		On exit  : 
		Unchanged: 
 Data sizes:     COMMON   BANK0   BANK1   BANK3   BANK2
      Params:         0       4       0       0       0
      Locals:         0       1       0       0       0
      Temps:          0       0       0       0       0
      Totals:         0       5       0       0       0
Total ram usage:        5 bytes
 Hardware stack levels used:    1
 Hardware stack levels required when called:    4
 This function calls:
		Nothing
 This function is called by:
		_displayTempreture
 This function uses a non-reentrant model


 *************** function ___lwdiv *****************
 Defined at:
		line 5 in file "/opt/microchip/xc8/v2.20/pic/sources/c90/common/lwdiv.c"
 Parameters:    Size  Location     Type
  divisor         2   17[BANK0 ] unsigned int 
  dividend        2   19[BANK0 ] unsigned int 
 Auto vars:     Size  Location     Type
  quotient        2   22[BANK0 ] unsigned int 
  counter         1   21[BANK0 ] unsigned char 
 Return value:  Size  Location     Type
                  2   17[BANK0 ] unsigned int 
 Registers used:
		wreg, status,2, status,0, btemp+1
 Tracked objects:
		On entry : 
		On exit  : 
		Unchanged: 
 Data sizes:     COMMON   BANK0   BANK1   BANK3   BANK2
      Params:         0       4       0       0       0
      Locals:         0       3       0       0       0
      Temps:          0       0       0       0       0
      Totals:         0       7       0       0       0
Total ram usage:        7 bytes
 Hardware stack levels used:    1
 Hardware stack levels required when called:    4
 This function calls:
		Nothing
 This function is called by:
		_displayTempreture
 This function uses a non-reentrant model


 *************** function _coolerOn *****************
 Defined at:
		line 152 in file "main.c"
 Parameters:    Size  Location     Type
		None
 Auto vars:     Size  Location     Type
		None
 Return value:  Size  Location     Type
                  1    wreg      void 
 Registers used:
		None
 Tracked objects:
		On entry : 
		On exit  : 
		Unchanged: 
 Data sizes:     COMMON   BANK0   BANK1   BANK3   BANK2
      Params:         0       0       0       0       0
      Locals:         0       0       0       0       0
      Temps:          0       0       0       0       0
      Totals:         0       0       0       0       0
Total ram usage:        0 bytes
 Hardware stack levels used:    1
 Hardware stack levels required when called:    4
 This function calls:
		Nothing
 This function is called by:
		_on_state
 This function uses a non-reentrant model


 *************** function _changeStatus *****************
 Defined at:
		line 130 in file "main.c"
 Parameters:    Size  Location     Type
		None
 Auto vars:     Size  Location     Type
		None
 Return value:  Size  Location     Type
                  1    wreg      void 
 Registers used:
		wreg, status,2, status,0, btemp+1
 Tracked objects:
		On entry : 
		On exit  : 
		Unchanged: 
 Data sizes:     COMMON   BANK0   BANK1   BANK3   BANK2
      Params:         0       0       0       0       0
      Locals:         0       0       0       0       0
      Temps:          0       2       0       0       0
      Totals:         0       2       0       0       0
Total ram usage:        2 bytes
 Hardware stack levels used:    1
 Hardware stack levels required when called:    4
 This function calls:
		Nothing
 This function is called by:
		_on_state
 This function uses a non-reentrant model


 *************** function _off_state *****************
 Defined at:
		line 46 in file "main.c"
 Parameters:    Size  Location     Type
		None
 Auto vars:     Size  Location     Type
		None
 Return value:  Size  Location     Type
                  1    wreg      void 
 Registers used:
		None
 Tracked objects:
		On entry : 
		On exit  : 
		Unchanged: 
 Data sizes:     COMMON   BANK0   BANK1   BANK3   BANK2
      Params:         0       0       0       0       0
      Locals:         0       0       0       0       0
      Temps:          0       0       0       0       0
      Totals:         0       0       0       0       0
Total ram usage:        0 bytes
 Hardware stack levels used:    1
 Hardware stack levels required when called:    4
 This function calls:
		Nothing
 This function is called by:
		_main
 This function uses a non-reentrant model


 *************** function _adc_init *****************
 Defined at:
		line 30 in file "adc.c"
 Parameters:    Size  Location     Type
		None
 Auto vars:     Size  Location     Type
		None
 Return value:  Size  Location     Type
                  1    wreg      void 
 Registers used:
		wreg
 Tracked objects:
		On entry : 
		On exit  : 
		Unchanged: 
 Data sizes:     COMMON   BANK0   BANK1   BANK3   BANK2
      Params:         0       0       0       0       0
      Locals:         0       0       0       0       0
      Temps:          0       0       0       0       0
      Totals:         0       0       0       0       0
Total ram usage:        0 bytes
 Hardware stack levels used:    1
 Hardware stack levels required when called:    4
 This function calls:
		Nothing
 This function is called by:
		_main
 This function uses a non-reentrant model


 *************** function _TIMER1_init *****************
 Defined at:
		line 361 in file "main.c"
 Parameters:    Size  Location     Type
		None
 Auto vars:     Size  Location     Type
		None
 Return value:  Size  Location     Type
                  1    wreg      void 
 Registers used:
		None
 Tracked objects:
		On entry : 
		On exit  : 
		Unchanged: 
 Data sizes:     COMMON   BANK0   BANK1   BANK3   BANK2
      Params:         0       0       0       0       0
      Locals:         0       0       0       0       0
      Temps:          0       0       0       0       0
      Totals:         0       0       0       0       0
Total ram usage:        0 bytes
 Hardware stack levels used:    1
 Hardware stack levels required when called:    4
 This function calls:
		Nothing
 This function is called by:
		_main
 This function uses a non-reentrant model


 *************** function _IRQ_RB0_init *****************
 Defined at:
		line 351 in file "main.c"
 Parameters:    Size  Location     Type
		None
 Auto vars:     Size  Location     Type
		None
 Return value:  Size  Location     Type
                  1    wreg      void 
 Registers used:
		None
 Tracked objects:
		On entry : 
		On exit  : 
		Unchanged: 
 Data sizes:     COMMON   BANK0   BANK1   BANK3   BANK2
      Params:         0       0       0       0       0
      Locals:         0       0       0       0       0
      Temps:          0       0       0       0       0
      Totals:         0       0       0       0       0
Total ram usage:        0 bytes
 Hardware stack levels used:    1
 Hardware stack levels required when called:    4
 This function calls:
		Nothing
 This function is called by:
		_main
 This function uses a non-reentrant model


 *************** function _I2C_Master_Init *****************
 Defined at:
		line 9 in file "ext_eeprom.c"
 Parameters:    Size  Location     Type
  baud            4    0[BANK1 ] const unsigned long 
 Auto vars:     Size  Location     Type
		None
 Return value:  Size  Location     Type
                  1    wreg      void 
 Registers used:
		wreg, status,2, status,0, btemp+1, pclath, cstack
 Tracked objects:
		On entry : 
		On exit  : 
		Unchanged: 
 Data sizes:     COMMON   BANK0   BANK1   BANK3   BANK2
      Params:         0       0       4       0       0
      Locals:         0       0       0       0       0
      Temps:          0       0       4       0       0
      Totals:         0       0       8       0       0
Total ram usage:        8 bytes
 Hardware stack levels used:    1
 Hardware stack levels required when called:    5
 This function calls:
		___lldiv
 This function is called by:
		_main
 This function uses a non-reentrant model


 *************** function ___lldiv *****************
 Defined at:
		line 5 in file "/opt/microchip/xc8/v2.20/pic/sources/c90/common/__lldiv.c"
 Parameters:    Size  Location     Type
  divisor         4   17[BANK0 ] unsigned long 
  dividend        4   21[BANK0 ] unsigned long 
 Auto vars:     Size  Location     Type
  quotient        4   26[BANK0 ] unsigned long 
  counter         1   30[BANK0 ] unsigned char 
 Return value:  Size  Location     Type
                  4   17[BANK0 ] unsigned long 
 Registers used:
		wreg, status,2, status,0, btemp+1
 Tracked objects:
		On entry : 
		On exit  : 
		Unchanged: 
 Data sizes:     COMMON   BANK0   BANK1   BANK3   BANK2
      Params:         0       8       0       0       0
      Locals:         0       5       0       0       0
      Temps:          0       1       0       0       0
      Totals:         0      14       0       0       0
Total ram usage:       14 bytes
 Hardware stack levels used:    1
 Hardware stack levels required when called:    4
 This function calls:
		Nothing
 This function is called by:
		_I2C_Master_Init
 This function uses a non-reentrant model


 *************** function _EEPROM_Read *****************
 Defined at:
		line 98 in file "ext_eeprom.c"
 Parameters:    Size  Location     Type
  add             2   18[BANK0 ] unsigned int 
 Auto vars:     Size  Location     Type
  Data            1   20[BANK0 ] unsigned char 
 Return value:  Size  Location     Type
                  1    wreg      unsigned char 
 Registers used:
		wreg, status,2, status,0, btemp+1, pclath, cstack
 Tracked objects:
		On entry : 
		On exit  : 
		Unchanged: 
 Data sizes:     COMMON   BANK0   BANK1   BANK3   BANK2
      Params:         0       2       0       0       0
      Locals:         0       1       0       0       0
      Temps:          0       0       0       0       0
      Totals:         0       3       0       0       0
Total ram usage:        3 bytes
 Hardware stack levels used:    1
 Hardware stack levels required when called:    6
 This function calls:
		_I2C_Master_Start
		_I2C_Master_Stop
		_I2C_Master_Write
		_I2C_NACK
		_I2C_Read_Byte
 This function is called by:
		_main
 This function uses a non-reentrant model


 *************** function _I2C_Read_Byte *****************
 Defined at:
		line 45 in file "ext_eeprom.c"
 Parameters:    Size  Location     Type
		None
 Auto vars:     Size  Location     Type
		None
 Return value:  Size  Location     Type
                  1    wreg      unsigned char 
 Registers used:
		wreg, status,2, status,0, pclath, cstack
 Tracked objects:
		On entry : 
		On exit  : 
		Unchanged: 
 Data sizes:     COMMON   BANK0   BANK1   BANK3   BANK2
      Params:         0       0       0       0       0
      Locals:         0       0       0       0       0
      Temps:          0       0       0       0       0
      Totals:         0       0       0       0       0
Total ram usage:        0 bytes
 Hardware stack levels used:    1
 Hardware stack levels required when called:    5
 This function calls:
		_I2C_Master_Wait
 This function is called by:
		_EEPROM_Read
		_EEPROM_Read_Page
 This function uses a non-reentrant model


 *************** function _I2C_NACK *****************
 Defined at:
		line 61 in file "ext_eeprom.c"
 Parameters:    Size  Location     Type
		None
 Auto vars:     Size  Location     Type
		None
 Return value:  Size  Location     Type
                  1    wreg      void 
 Registers used:
		wreg, status,2, status,0, pclath, cstack
 Tracked objects:
		On entry : 
		On exit  : 
		Unchanged: 
 Data sizes:     COMMON   BANK0   BANK1   BANK3   BANK2
      Params:         0       0       0       0       0
      Locals:         0       0       0       0       0
      Temps:          0       0       0       0       0
      Totals:         0       0       0       0       0
Total ram usage:        0 bytes
 Hardware stack levels used:    1
 Hardware stack levels required when called:    5
 This function calls:
		_I2C_Master_Wait
 This function is called by:
		_EEPROM_Read
 This function uses a non-reentrant model


 *************** function _I2C_Master_Write *****************
 Defined at:
		line 37 in file "ext_eeprom.c"
 Parameters:    Size  Location     Type
  data            1    wreg     unsigned char 
 Auto vars:     Size  Location     Type
  data            1   17[BANK0 ] unsigned char 
 Return value:  Size  Location     Type
                  1    wreg      unsigned char 
 Registers used:
		wreg, status,2, status,0, pclath, cstack
 Tracked objects:
		On entry : 
		On exit  : 
		Unchanged: 
 Data sizes:     COMMON   BANK0   BANK1   BANK3   BANK2
      Params:         0       0       0       0       0
      Locals:         0       1       0       0       0
      Temps:          0       0       0       0       0
      Totals:         0       1       0       0       0
Total ram usage:        1 bytes
 Hardware stack levels used:    1
 Hardware stack levels required when called:    5
 This function calls:
		_I2C_Master_Wait
 This function is called by:
		_EEPROM_Write
		_EEPROM_Read
		_EEPROM_Write_Page
		_EEPROM_Read_Page
 This function uses a non-reentrant model


 *************** function _I2C_Master_Stop *****************
 Defined at:
		line 32 in file "ext_eeprom.c"
 Parameters:    Size  Location     Type
		None
 Auto vars:     Size  Location     Type
		None
 Return value:  Size  Location     Type
                  1    wreg      void 
 Registers used:
		wreg, status,2, status,0, pclath, cstack
 Tracked objects:
		On entry : 
		On exit  : 
		Unchanged: 
 Data sizes:     COMMON   BANK0   BANK1   BANK3   BANK2
      Params:         0       0       0       0       0
      Locals:         0       0       0       0       0
      Temps:          0       0       0       0       0
      Totals:         0       0       0       0       0
Total ram usage:        0 bytes
 Hardware stack levels used:    1
 Hardware stack levels required when called:    5
 This function calls:
		_I2C_Master_Wait
 This function is called by:
		_EEPROM_Write
		_EEPROM_Read
		_EEPROM_Write_Page
		_EEPROM_Read_Page
 This function uses a non-reentrant model


 *************** function _I2C_Master_Start *****************
 Defined at:
		line 22 in file "ext_eeprom.c"
 Parameters:    Size  Location     Type
		None
 Auto vars:     Size  Location     Type
		None
 Return value:  Size  Location     Type
                  1    wreg      void 
 Registers used:
		wreg, status,2, status,0, pclath, cstack
 Tracked objects:
		On entry : 
		On exit  : 
		Unchanged: 
 Data sizes:     COMMON   BANK0   BANK1   BANK3   BANK2
      Params:         0       0       0       0       0
      Locals:         0       0       0       0       0
      Temps:          0       0       0       0       0
      Totals:         0       0       0       0       0
Total ram usage:        0 bytes
 Hardware stack levels used:    1
 Hardware stack levels required when called:    5
 This function calls:
		_I2C_Master_Wait
 This function is called by:
		_EEPROM_Write
		_EEPROM_Read
		_EEPROM_Write_Page
		_EEPROM_Read_Page
 This function uses a non-reentrant model


 *************** function _I2C_Master_Wait *****************
 Defined at:
		line 18 in file "ext_eeprom.c"
 Parameters:    Size  Location     Type
		None
 Auto vars:     Size  Location     Type
		None
 Return value:  Size  Location     Type
                  1    wreg      void 
 Registers used:
		wreg, status,2
 Tracked objects:
		On entry : 
		On exit  : 
		Unchanged: 
 Data sizes:     COMMON   BANK0   BANK1   BANK3   BANK2
      Params:         0       0       0       0       0
      Locals:         0       0       0       0       0
      Temps:          0       0       0       0       0
      Totals:         0       0       0       0       0
Total ram usage:        0 bytes
 Hardware stack levels used:    1
 Hardware stack levels required when called:    4
 This function calls:
		Nothing
 This function is called by:
		_I2C_Master_Start
		_I2C_Master_RepeatedStart
		_I2C_Master_Stop
		_I2C_Master_Write
		_I2C_Read_Byte
		_I2C_NACK
		_I2C_ACK
 This function uses a non-reentrant model


 *************** function _ISR *****************
 Defined at:
		line 295 in file "main.c"
 Parameters:    Size  Location     Type
		None
 Auto vars:     Size  Location     Type
		None
 Return value:  Size  Location     Type
                  1    wreg      void 
 Registers used:
		wreg, fsr0l, fsr0h, status,2, status,0, btemp+1, pclath, cstack
 Tracked objects:
		On entry : 
		On exit  : 
		Unchanged: 
 Data sizes:     COMMON   BANK0   BANK1   BANK3   BANK2
      Params:         0       0       0       0       0
      Locals:         0       0       0       0       0
      Temps:          0       6       0       0       0
      Totals:         0       6       0       0       0
Total ram usage:        6 bytes
 Hardware stack levels used:    1
 Hardware stack levels required when called:    3
 This function calls:
		_update_tempreture
		i1___lwdiv
 This function is called by:
		Interrupt level 1
 This function uses a non-reentrant model


 *************** function _update_tempreture *****************
 Defined at:
		line 283 in file "main.c"
 Parameters:    Size  Location     Type
		None
 Auto vars:     Size  Location     Type
  temp            2    7[BANK0 ] unsigned int 
  x               1   10[BANK0 ] unsigned char 
  y               1    9[BANK0 ] unsigned char 
 Return value:  Size  Location     Type
                  1    wreg      void 
 Registers used:
		wreg, fsr0l, fsr0h, status,2, status,0, btemp+1, pclath, cstack
 Tracked objects:
		On entry : 
		On exit  : 
		Unchanged: 
 Data sizes:     COMMON   BANK0   BANK1   BANK3   BANK2
      Params:         0       0       0       0       0
      Locals:         0       4       0       0       0
      Temps:          0       4       0       0       0
      Totals:         0       8       0       0       0
Total ram usage:        8 bytes
 Hardware stack levels used:    1
 Hardware stack levels required when called:    2
 This function calls:
		___wmul
		_adc_amostra
		_itoa
 This function is called by:
		_ISR
 This function uses a non-reentrant model


 *************** function _itoa *****************
 Defined at:
		line 27 in file "itoa.c"
 Parameters:    Size  Location     Type
  val             2    0[BANK0 ] unsigned int 
  str             1    2[BANK0 ] PTR unsigned char 
		 -> str(6), 
 Auto vars:     Size  Location     Type
		None
 Return value:  Size  Location     Type
                  1    wreg      void 
 Registers used:
		wreg, fsr0l, fsr0h, status,2, status,0, btemp+1, pclath, cstack
 Tracked objects:
		On entry : 
		On exit  : 
		Unchanged: 
 Data sizes:     COMMON   BANK0   BANK1   BANK3   BANK2
      Params:         0       3       0       0       0
      Locals:         0       0       0       0       0
      Temps:          0       0       0       0       0
      Totals:         0       3       0       0       0
Total ram usage:        3 bytes
 Hardware stack levels used:    1
 Hardware stack levels required when called:    1
 This function calls:
		i1___lwdiv
		i1___lwmod
 This function is called by:
		_update_tempreture
 This function uses a non-reentrant model


 *************** function i1___lwmod *****************
 Defined at:
		line 5 in file "/opt/microchip/xc8/v2.20/pic/sources/c90/common/lwmod.c"
 Parameters:    Size  Location     Type
  divisor         2    0[COMMON] unsigned int 
  dividend        2    2[COMMON] unsigned int 
 Auto vars:     Size  Location     Type
  counter         1    4[COMMON] unsigned char 
 Return value:  Size  Location     Type
                  2    0[COMMON] unsigned int 
 Registers used:
		wreg, status,2, status,0, btemp+1
 Tracked objects:
		On entry : 
		On exit  : 
		Unchanged: 
 Data sizes:     COMMON   BANK0   BANK1   BANK3   BANK2
      Params:         4       0       0       0       0
      Locals:         1       0       0       0       0
      Temps:          0       0       0       0       0
      Totals:         5       0       0       0       0
Total ram usage:        5 bytes
 Hardware stack levels used:    1
 This function calls:
		Nothing
 This function is called by:
		_itoa
 This function uses a non-reentrant model


 *************** function i1___lwdiv *****************
 Defined at:
		line 5 in file "/opt/microchip/xc8/v2.20/pic/sources/c90/common/lwdiv.c"
 Parameters:    Size  Location     Type
  divisor         2    5[COMMON] unsigned int 
  dividend        2    7[COMMON] unsigned int 
 Auto vars:     Size  Location     Type
  quotient        2    9[COMMON] unsigned int 
  counter         1   11[COMMON] unsigned char 
 Return value:  Size  Location     Type
                  2    5[COMMON] unsigned int 
 Registers used:
		wreg, status,2, status,0, btemp+1
 Tracked objects:
		On entry : 
		On exit  : 
		Unchanged: 
 Data sizes:     COMMON   BANK0   BANK1   BANK3   BANK2
      Params:         4       0       0       0       0
      Locals:         3       0       0       0       0
      Temps:          0       0       0       0       0
      Totals:         7       0       0       0       0
Total ram usage:        7 bytes
 Hardware stack levels used:    1
 This function calls:
		Nothing
 This function is called by:
		_ISR
		_itoa
 This function uses a non-reentrant model


 *************** function _adc_amostra *****************
 Defined at:
		line 44 in file "adc.c"
 Parameters:    Size  Location     Type
  canal           1    wreg     unsigned char 
 Auto vars:     Size  Location     Type
  canal           1    9[COMMON] unsigned char 
 Return value:  Size  Location     Type
                  2    0[COMMON] unsigned int 
 Registers used:
		wreg, fsr0l, fsr0h, status,2, status,0
 Tracked objects:
		On entry : 
		On exit  : 
		Unchanged: 
 Data sizes:     COMMON   BANK0   BANK1   BANK3   BANK2
      Params:         2       0       0       0       0
      Locals:         1       0       0       0       0
      Temps:          7       0       0       0       0
      Totals:        10       0       0       0       0
Total ram usage:       10 bytes
 Hardware stack levels used:    1
 This function calls:
		Nothing
 This function is called by:
		_update_tempreture
 This function uses a non-reentrant model


 *************** function ___wmul *****************
 Defined at:
		line 15 in file "/opt/microchip/xc8/v2.20/pic/sources/c90/common/Umul16.c"
 Parameters:    Size  Location     Type
  multiplier      2   10[COMMON] unsigned int 
  multiplicand    2   12[COMMON] unsigned int 
 Auto vars:     Size  Location     Type
  product         2    0[BANK0 ] unsigned int 
 Return value:  Size  Location     Type
                  2   10[COMMON] unsigned int 
 Registers used:
		wreg, status,2, status,0
 Tracked objects:
		On entry : 
		On exit  : 
		Unchanged: 
 Data sizes:     COMMON   BANK0   BANK1   BANK3   BANK2
      Params:         4       0       0       0       0
      Locals:         0       2       0       0       0
      Temps:          0       0       0       0       0
      Totals:         4       2       0       0       0
Total ram usage:        6 bytes
 Hardware stack levels used:    1
 This function calls:
		Nothing
 This function is called by:
		_update_tempreture
 This function uses a non-reentrant model



MODULE INFORMATION

Module		Function		Class		Link	Load	Size
/opt/microchip/xc8/v2.20/pic/sources/c90/common/lwdiv.c
		___lwdiv       		CODE           	0542	0000	71

/opt/microchip/xc8/v2.20/pic/sources/c90/common/lwdiv.c estimated size: 71

/opt/microchip/xc8/v2.20/pic/sources/c90/common/__lldiv.c
		___lldiv       		CODE           	026F	0000	105

/opt/microchip/xc8/v2.20/pic/sources/c90/common/__lldiv.c estimated size: 105

/opt/microchip/xc8/v2.20/pic/sources/c90/common/awdiv.c
		___awdiv       		CODE           	0206	0000	106

/opt/microchip/xc8/v2.20/pic/sources/c90/common/awdiv.c estimated size: 106

/opt/microchip/xc8/v2.20/pic/sources/c90/common/Umul16.c
		___wmul        		CODE           	075A	0000	44

/opt/microchip/xc8/v2.20/pic/sources/c90/common/Umul16.c estimated size: 44

adc.c
		_adc_amostra   		CODE           	04F4	0000	79
		_adc_init      		CODE           	0FCC	0000	10

adc.c estimated size: 89

shared
		i1___lwdiv     		CODE           	05CE	0000	69
		i1___lwmod     		CODE           	068B	0000	59
		__initialization		CODE           	0015	0000	23

shared estimated size: 151

/opt/microchip/xc8/v2.20/pic/sources/c90/common/lwmod.c
		___lwmod       		CODE           	064F	0000	61

/opt/microchip/xc8/v2.20/pic/sources/c90/common/lwmod.c estimated size: 61

/opt/microchip/xc8/v2.20/pic/sources/c90/common/awmod.c
		___awmod       		CODE           	033F	0000	92

/opt/microchip/xc8/v2.20/pic/sources/c90/common/awmod.c estimated size: 92

itoa.c
		_itoa          		CODE           	03F2	0000	89

itoa.c estimated size: 89

ext_eeprom.c
		_EEPROM_Read   		CODE           	06C5	0000	55
		_I2C_Master_Wait		CODE           	07ED	0000	14
		_EEPROM_Write  		CODE           	072B	0000	48
		_I2C_Master_Init		CODE           	0588	0000	71
		_I2C_Master_Stop		CODE           	0FC3	0000	10
		_I2C_Master_RepeatedStart		CODE           	0FD5	0000	10
		_I2C_Read_Byte 		CODE           	0785	0000	24
		_I2C_Master_Write		CODE           	079C	0000	24
		_I2C_NACK      		CODE           	0FF4	0000	13
		_I2C_Master_Start		CODE           	0FBA	0000	10

ext_eeprom.c estimated size: 279

main.c
		_displayDeiredTempreture		CODE           	044A	0000	86
		_flashDisplay  		CODE           	002F	0000	290
		_TIMER1_init   		CODE           	07DC	0000	18
		_ISR           		CODE           	02D7	0000	105
		_IRQ_RB0_init  		CODE           	07FA	0000	7
		_main          		CODE           	0150	0000	183
		_setting_state 		CODE           	0FDE	0000	12
		_off_state     		CODE           	0FA3	0000	6
		_heaterOn      		CODE           	0FAD	0000	6
		_displayTempreture		CODE           	049F	0000	86
		_coolerOn      		CODE           	0FA8	0000	6
		_changeStatus  		CODE           	06FB	0000	49
		_on_state      		CODE           	0612	0000	62
		_update_tempreture		CODE           	039A	0000	89

main.c estimated size: 1005

seven_segment.c
		_lcd_writeNumber		CODE           	07B3	0000	23

seven_segment.c estimated size: 23

